Archive member included to satisfy reference by file (symbol)

/home/luis/rv32_toolchain/bin/../lib/gcc/riscv32-unknown-elf/12.1.0/libgcc.a(_clzsi2.o)
                              ../../lib/mbedtls/library/bignum_core.o (__clzsi2)
/home/luis/rv32_toolchain/bin/../lib/gcc/riscv32-unknown-elf/12.1.0/libgcc.a(_ctzsi2.o)
                              ../../lib/mbedtls/library/bignum.o (__ctzsi2)
/home/luis/rv32_toolchain/bin/../lib/gcc/riscv32-unknown-elf/12.1.0/libgcc.a(_bswapsi2.o)
                              ../../lib/mbedtls/library/aes.o (__bswapsi2)
/home/luis/rv32_toolchain/bin/../lib/gcc/riscv32-unknown-elf/12.1.0/libgcc.a(_bswapdi2.o)
                              ../../lib/mbedtls/library/gcm.o (__bswapdi2)
/home/luis/rv32_toolchain/bin/../lib/gcc/riscv32-unknown-elf/12.1.0/libgcc.a(_udivdi3.o)
                              ../../lib/mbedtls/library/bignum.o (__udivdi3)
/home/luis/rv32_toolchain/bin/../lib/gcc/riscv32-unknown-elf/12.1.0/libgcc.a(muldi3.o)
                              /home/luis/rv32_toolchain/bin/../lib/gcc/riscv32-unknown-elf/12.1.0/libgcc.a(_udivdi3.o) (__mulsi3)
/home/luis/rv32_toolchain/bin/../lib/gcc/riscv32-unknown-elf/12.1.0/libgcc.a(div.o)
                              /home/luis/rv32_toolchain/bin/../lib/gcc/riscv32-unknown-elf/12.1.0/libgcc.a(_udivdi3.o) (__udivsi3)
/home/luis/rv32_toolchain/bin/../lib/gcc/riscv32-unknown-elf/12.1.0/libgcc.a(_clz.o)
                              /home/luis/rv32_toolchain/bin/../lib/gcc/riscv32-unknown-elf/12.1.0/libgcc.a(_clzsi2.o) (__clz_tab)
/home/luis/rv32_toolchain/bin/../lib/gcc/riscv32-unknown-elf/12.1.0/../../../../riscv32-unknown-elf/lib/libg_nano.a(lib_a-assert.o)
                              ta/crypto/bignum.o (__assert_func)
/home/luis/rv32_toolchain/bin/../lib/gcc/riscv32-unknown-elf/12.1.0/../../../../riscv32-unknown-elf/lib/libg_nano.a(lib_a-atexit.o)
                              crt0.o (atexit)
/home/luis/rv32_toolchain/bin/../lib/gcc/riscv32-unknown-elf/12.1.0/../../../../riscv32-unknown-elf/lib/libg_nano.a(lib_a-calloc.o)
                              ../../lib/mbedtls/library/asn1parse.o (calloc)
/home/luis/rv32_toolchain/bin/../lib/gcc/riscv32-unknown-elf/12.1.0/../../../../riscv32-unknown-elf/lib/libg_nano.a(lib_a-ctype_.o)
                              ../../lib/libutee/tee_uuid_from_str.o (_ctype_)
/home/luis/rv32_toolchain/bin/../lib/gcc/riscv32-unknown-elf/12.1.0/../../../../riscv32-unknown-elf/lib/libg_nano.a(lib_a-exit.o)
                              crt0.o (exit)
/home/luis/rv32_toolchain/bin/../lib/gcc/riscv32-unknown-elf/12.1.0/../../../../riscv32-unknown-elf/lib/libg_nano.a(lib_a-fini.o)
                              crt0.o (__libc_fini_array)
/home/luis/rv32_toolchain/bin/../lib/gcc/riscv32-unknown-elf/12.1.0/../../../../riscv32-unknown-elf/lib/libg_nano.a(lib_a-fprintf.o)
                              /home/luis/rv32_toolchain/bin/../lib/gcc/riscv32-unknown-elf/12.1.0/../../../../riscv32-unknown-elf/lib/libg_nano.a(lib_a-assert.o) (fiprintf)
/home/luis/rv32_toolchain/bin/../lib/gcc/riscv32-unknown-elf/12.1.0/../../../../riscv32-unknown-elf/lib/libg_nano.a(lib_a-impure.o)
                              /home/luis/rv32_toolchain/bin/../lib/gcc/riscv32-unknown-elf/12.1.0/../../../../riscv32-unknown-elf/lib/libg_nano.a(lib_a-exit.o) (_global_impure_ptr)
/home/luis/rv32_toolchain/bin/../lib/gcc/riscv32-unknown-elf/12.1.0/../../../../riscv32-unknown-elf/lib/libg_nano.a(lib_a-init.o)
                              crt0.o (__libc_init_array)
/home/luis/rv32_toolchain/bin/../lib/gcc/riscv32-unknown-elf/12.1.0/../../../../riscv32-unknown-elf/lib/libg_nano.a(lib_a-malloc.o)
                              ../../lib/mbedtls/library/psa_crypto.o (malloc)
/home/luis/rv32_toolchain/bin/../lib/gcc/riscv32-unknown-elf/12.1.0/../../../../riscv32-unknown-elf/lib/libg_nano.a(lib_a-memcmp.o)
                              ../../lib/mbedtls/library/aes.o (memcmp)
/home/luis/rv32_toolchain/bin/../lib/gcc/riscv32-unknown-elf/12.1.0/../../../../riscv32-unknown-elf/lib/libg_nano.a(lib_a-memcpy-asm.o)
                              ../../lib/mbedtls/3rdparty/p256-m/p256-m_driver_entrypoints.o (memcpy)
/home/luis/rv32_toolchain/bin/../lib/gcc/riscv32-unknown-elf/12.1.0/../../../../riscv32-unknown-elf/lib/libg_nano.a(lib_a-memmove.o)
                              ../../lib/mbedtls/library/aes.o (memmove)
/home/luis/rv32_toolchain/bin/../lib/gcc/riscv32-unknown-elf/12.1.0/../../../../riscv32-unknown-elf/lib/libg_nano.a(lib_a-memset.o)
                              ../../lib/mbedtls/library/aes.o (memset)
/home/luis/rv32_toolchain/bin/../lib/gcc/riscv32-unknown-elf/12.1.0/../../../../riscv32-unknown-elf/lib/libg_nano.a(lib_a-nano-callocr.o)
                              /home/luis/rv32_toolchain/bin/../lib/gcc/riscv32-unknown-elf/12.1.0/../../../../riscv32-unknown-elf/lib/libg_nano.a(lib_a-calloc.o) (_calloc_r)
[...]
Memory Configuration

Name             Origin             Length             Attributes
flash            0x0000000020480000 0x0000000000040000 xr
ram              0x0000000080001400 0x0000000000002800 arw
*default*        0x0000000000000000 0xffffffffffffffff

Linker script and memory map

LOAD crt0.o
LOAD vectors.o
LOAD ../../lib/mbedtls/3rdparty/p256-m/p256-m/p256-m.o
LOAD ../../lib/mbedtls/3rdparty/p256-m/p256-m_driver_entrypoints.o
LOAD ../../lib/mbedtls/library/aes.o
LOAD ../../lib/mbedtls/library/aesce.o
LOAD ../../lib/mbedtls/library/aesni.o
LOAD ../../lib/mbedtls/library/aria.o
LOAD ../../lib/mbedtls/library/asn1parse.o
LOAD ../../lib/mbedtls/library/asn1write.o
LOAD ../../lib/mbedtls/library/base64.o
LOAD ../../lib/mbedtls/library/bignum.o
LOAD ../../lib/mbedtls/library/bignum_core.o
LOAD ../../lib/mbedtls/library/bignum_mod.o
LOAD ../../lib/mbedtls/library/bignum_mod_raw.o
LOAD ../../lib/mbedtls/library/block_cipher.o
LOAD ../../lib/mbedtls/library/camellia.o
LOAD ../../lib/mbedtls/library/ccm.o
LOAD ../../lib/mbedtls/library/chacha20.o
LOAD ../../lib/mbedtls/library/chachapoly.o
LOAD ../../lib/mbedtls/library/cipher.o
LOAD ../../lib/mbedtls/library/cipher_wrap.o
LOAD ../../lib/mbedtls/library/cmac.o
LOAD ../../lib/mbedtls/library/constant_time.o
LOAD ../../lib/mbedtls/library/ctr_drbg.o
LOAD ../../lib/mbedtls/library/debug.o
LOAD ../../lib/mbedtls/library/des.o
LOAD ../../lib/mbedtls/library/dhm.o
LOAD ../../lib/mbedtls/library/ecdh.o
LOAD ../../lib/mbedtls/library/ecdsa.o
LOAD ../../lib/mbedtls/library/ecjpake.o
LOAD ../../lib/mbedtls/library/ecp.o
LOAD ../../lib/mbedtls/library/ecp_curves.o
LOAD ../../lib/mbedtls/library/ecp_curves_new.o
LOAD ../../lib/mbedtls/library/entropy.o
LOAD ../../lib/mbedtls/library/entropy_poll.o
LOAD ../../lib/mbedtls/library/gcm.o
LOAD ../../lib/mbedtls/library/hkdf.o
LOAD ../../lib/mbedtls/library/hmac_drbg.o
LOAD ../../lib/mbedtls/library/lmots.o
LOAD ../../lib/mbedtls/library/lms.o
LOAD ../../lib/mbedtls/library/md5.o
LOAD ../../lib/mbedtls/library/md.o
LOAD ../../lib/mbedtls/library/memory_buffer_alloc.o
LOAD ../../lib/mbedtls/library/mps_reader.o
LOAD ../../lib/mbedtls/library/mps_trace.o
LOAD ../../lib/mbedtls/library/net_sockets.o
LOAD ../../lib/mbedtls/library/nist_kw.o
LOAD ../../lib/mbedtls/library/oid.o
LOAD ../../lib/mbedtls/library/padlock.o
LOAD ../../lib/mbedtls/library/pem.o
LOAD ../../lib/mbedtls/library/pk.o
LOAD ../../lib/mbedtls/library/pkcs12.o
LOAD ../../lib/mbedtls/library/pkcs5.o
LOAD ../../lib/mbedtls/library/pkcs7.o
LOAD ../../lib/mbedtls/library/pk_ecc.o
LOAD ../../lib/mbedtls/library/pkparse.o
LOAD ../../lib/mbedtls/library/pk_wrap.o
LOAD ../../lib/mbedtls/library/pkwrite.o
LOAD ../../lib/mbedtls/library/platform.o
LOAD ../../lib/mbedtls/library/platform_util.o
LOAD ../../lib/mbedtls/library/poly1305.o
LOAD ../../lib/mbedtls/library/psa_crypto_aead.o
LOAD ../../lib/mbedtls/library/psa_crypto.o
LOAD ../../lib/mbedtls/library/psa_crypto_cipher.o
LOAD ../../lib/mbedtls/library/psa_crypto_client.o
LOAD ../../lib/mbedtls/library/psa_crypto_driver_wrappers_no_static.o
LOAD ../../lib/mbedtls/library/psa_crypto_ecp.o
LOAD ../../lib/mbedtls/library/psa_crypto_ffdh.o
LOAD ../../lib/mbedtls/library/psa_crypto_hash.o
LOAD ../../lib/mbedtls/library/psa_crypto_mac.o
LOAD ../../lib/mbedtls/library/psa_crypto_pake.o
LOAD ../../lib/mbedtls/library/psa_crypto_rsa.o
LOAD ../../lib/mbedtls/library/psa_crypto_se.o
LOAD ../../lib/mbedtls/library/psa_crypto_slot_management.o
LOAD ../../lib/mbedtls/library/psa_crypto_storage.o
LOAD ../../lib/mbedtls/library/psa_its_file.o
LOAD ../../lib/mbedtls/library/psa_util.o
LOAD ../../lib/mbedtls/library/ripemd160.o
LOAD ../../lib/mbedtls/library/rsa_alt_helpers.o
LOAD ../../lib/mbedtls/library/rsa.o
LOAD ../../lib/mbedtls/library/sha1.o
LOAD ../../lib/mbedtls/library/sha256.o
LOAD ../../lib/mbedtls/library/sha3.o
LOAD ../../lib/mbedtls/library/sha512.o
LOAD ../../lib/mbedtls/library/ssl_cache.o
LOAD ../../lib/mbedtls/library/ssl_ciphersuites.o
LOAD ../../lib/mbedtls/library/ssl_client.o
LOAD ../../lib/mbedtls/library/ssl_cookie.o
LOAD ../../lib/mbedtls/library/ssl_debug_helpers_generated.o
LOAD ../../lib/mbedtls/library/ssl_msg.o
LOAD ../../lib/mbedtls/library/ssl_srv.o
LOAD ../../lib/mbedtls/library/ssl_ticket.o
LOAD ../../lib/mbedtls/library/ssl_tls12_client.o
LOAD ../../lib/mbedtls/library/ssl_tls12_server.o
LOAD ../../lib/mbedtls/library/ssl_tls13_client.o
LOAD ../../lib/mbedtls/library/ssl_tls13_generic.o
LOAD ../../lib/mbedtls/library/ssl_tls13_keys.o
LOAD ../../lib/mbedtls/library/ssl_tls13_server.o
LOAD ../../lib/mbedtls/library/ssl_tls.o
LOAD ../../lib/mbedtls/library/threading.o
LOAD ../../lib/mbedtls/library/timing.o
LOAD ../../lib/mbedtls/library/version.o
LOAD ../../lib/mbedtls/library/x509.o
LOAD ../../lib/mbedtls/library/x509_create.o
LOAD ../../lib/mbedtls/library/x509_crl.o
LOAD ../../lib/mbedtls/library/x509_crt.o
LOAD ../../lib/mbedtls/library/x509_csr.o
LOAD ../../lib/mbedtls/library/x509write.o
LOAD ../../lib/mbedtls/library/x509write_crt.o
LOAD ../../lib/mbedtls/library/x509write_csr.o
LOAD main.o
LOAD newlib.o
LOAD sifive_plic.o
LOAD ta/bip32.o
LOAD ta/bip39.o
LOAD ta/bitcoin_wallet_ta.o
LOAD ta/crypto/bignum.o
LOAD ta/crypto/ecdsa.o
LOAD ta/crypto/hmac.o
LOAD ta/crypto/memzero.o
LOAD ta/crypto/pbkdf2.o
LOAD ta/crypto/secp256k1.o
LOAD ta/crypto/sha2.o
LOAD ta/crypto/ta_ripemd160.o
LOAD ../../lib/crypto/bip39_tee.o
LOAD ../../lib/crypto/rand.o
LOAD ../../lib/libutee/abort.o
LOAD ../../lib/libutee/assert.o
LOAD ../../lib/libutee/base64.o
LOAD ../../lib/libutee/tee_api.o
LOAD ../../lib/libutee/tee_api_objects.o
LOAD ../../lib/libutee/tee_api_operations.o
LOAD ../../lib/libutee/tee_api_panic.o
LOAD ../../lib/libutee/tee_socket_pta.o
LOAD ../../lib/libutee/tee_system_pta.o
LOAD ../../lib/libutee/tee_tcpudp_socket.o
LOAD ../../lib/libutee/tee_uuid_from_str.o
LOAD ../../lib/libutils/ext/trace.o
LOAD ../../lib/libutils/ext/buf_compare_ct.o
LOAD ../../lib/libteec/tee_client_api.o
LOAD /home/luis/rv32_toolchain/bin/../lib/gcc/riscv32-unknown-elf/12.1.0/libgcc.a
LOAD /home/luis/rv32_toolchain/bin/../lib/gcc/riscv32-unknown-elf/12.1.0/../../../../riscv32-unknown-elf/lib/libg_nano.a
LOAD /home/luis/rv32_toolchain/bin/../lib/gcc/riscv32-unknown-elf/12.1.0/../../../../riscv32-unknown-elf/lib/libc_nano.a
LOAD /home/luis/rv32_toolchain/bin/../lib/gcc/riscv32-unknown-elf/12.1.0/libgcc.a
START GROUP
LOAD /home/luis/rv32_toolchain/bin/../lib/gcc/riscv32-unknown-elf/12.1.0/libgcc.a
LOAD /home/luis/rv32_toolchain/bin/../lib/gcc/riscv32-unknown-elf/12.1.0/../../../../riscv32-unknown-elf/lib/libc_nano.a
LOAD /home/luis/rv32_toolchain/bin/../lib/gcc/riscv32-unknown-elf/12.1.0/../../../../riscv32-unknown-elf/lib/libnosys.a
END GROUP
START GROUP
LOAD /home/luis/rv32_toolchain/bin/../lib/gcc/riscv32-unknown-elf/12.1.0/libgcc.a
LOAD /home/luis/rv32_toolchain/bin/../lib/gcc/riscv32-unknown-elf/12.1.0/../../../../riscv32-unknown-elf/lib/libc_nano.a
LOAD /home/luis/rv32_toolchain/bin/../lib/gcc/riscv32-unknown-elf/12.1.0/../../../../riscv32-unknown-elf/lib/libnosys.a
END GROUP
                0x0000000020410000                __FLASH_BASE_W1 = 0x20410000
                0x0000000000004000                __FLASH_SIZE_W1 = 0x4000
                0x0000000080000800                __RAM_BASE_W1 = 0x80000800
                0x0000000000000c00                __RAM_SIZE_W1 = 0xc00
                0x0000000020480000                __FLASH_BASE_W2 = 0x20480000
                0x0000000000040000                __FLASH_SIZE_W2 = 0x40000
                0x0000000080001400                __RAM_BASE_W2 = 0x80001400
                0x0000000000002800                __RAM_SIZE_W2 = 0x2800
                0x0000000020484000                __FLASH_BASE_W3 = 0x20484000
                0x0000000000004000                __FLASH_SIZE_W3 = 0x4000
                0x0000000080000800                __RAM_BASE_W3 = 0x80000800
                0x0000000000000200                __RAM_SIZE_W3 = 0x200
                0x0000000020488000                __FLASH_BASE_W4 = 0x20488000
                0x0000000000004000                __FLASH_SIZE_W4 = 0x4000
                0x0000000080000600                __RAM_BASE_W4 = 0x80000600
                0x0000000000000200                __RAM_SIZE_W4 = 0x200
                0x0000000000000800                __stack_size = 0x800
                [!provide]                        PROVIDE (__stack_size = __stack_size)

.init           0x0000000020480000       0xb8
 *(.vectors)
 .vectors       0x0000000020480000       0x42 vectors.o
 *(SORT_NONE(.init))
 .init          0x0000000020480042       0x76 crt0.o
                0x0000000020480042                _start
                0x00000000204800b4                _init
                0x00000000204800b6                _fini

.fini
 *(SORT_NONE(.fini))

.preinit_array  0x00000000204800b8        0x0
                0x00000000204800b8                PROVIDE (__preinit_array_start = .)
 *(.preinit_array)
                0x00000000204800b8                PROVIDE (__preinit_array_end = .)

.init_array     0x00000000204800b8        0x0
                0x00000000204800b8                PROVIDE (__init_array_start = .)
 *(SORT_BY_INIT_PRIORITY(.init_array.*) SORT_BY_INIT_PRIORITY(.ctors.*))
 *(.init_array EXCLUDE_FILE(*crtend?.o *crtend.o *crtbegin?.o *crtbegin.o) .ctors)
                0x00000000204800b8                PROVIDE (__init_array_end = .)

.fini_array     0x00000000204800b8        0x0
                0x00000000204800b8                PROVIDE (__fini_array_start = .)
 *(SORT_BY_INIT_PRIORITY(.fini_array.*) SORT_BY_INIT_PRIORITY(.dtors.*))
 *(.fini_array EXCLUDE_FILE(*crtend?.o *crtend.o *crtbegin?.o *crtbegin.o) .dtors)
                0x00000000204800b8                PROVIDE (__fini_array_end = .)

.ctors
 *crtbegin.o(.ctors)
 *crtbegin?.o(.ctors)
 *(EXCLUDE_FILE(*crtend?.o *crtend.o) .ctors)
 *(SORT_BY_NAME(.ctors.*))
 *(.ctors)

.dtors
 *crtbegin.o(.dtors)
 *crtbegin?.o(.dtors)
 *(EXCLUDE_FILE(*crtend?.o *crtend.o) .dtors)
 *(SORT_BY_NAME(.dtors.*))
 *(.dtors)

.text           0x00000000204800b8    0x24024
 *(.text.unlikely .text.*_unlikely .text.unlikely.*)
 *(.text.exit .text.exit.*)
 .text.exit     0x00000000204800b8       0x3c /home/luis/rv32_toolchain/bin/../lib/gcc/riscv32-unknown-elf/12.1.0/../../../../riscv32-unknown-elf/lib/libg_nano.a(lib_a-exit.o)
                0x00000000204800b8                exit
 *(.text.startup .text.startup.*)
 *(.text.hot .text.hot.*)
 *(SORT_BY_NAME(.text.sorted.*))
 *(.text .stub .text.* .gnu.linkonce.t.*)
 .text.u256_set32
                0x00000000204800f4       0x34 ../../lib/mbedtls/3rdparty/p256-m/p256-m/p256-m.o
 .text.u256_add
                0x0000000020480128       0x8a ../../lib/mbedtls/3rdparty/p256-m/p256-m/p256-m.o
 .text.u256_sub
                0x00000000204801b2       0x92 ../../lib/mbedtls/3rdparty/p256-m/p256-m/p256-m.o
 .text.u256_cmov
                0x0000000020480244       0x58 ../../lib/mbedtls/3rdparty/p256-m/p256-m/p256-m.o
 .text.u256_diff
                0x000000002048029c       0x3e ../../lib/mbedtls/3rdparty/p256-m/p256-m/p256-m.o
 .text.u32_muladd64
                0x00000000204802da      0x13c ../../lib/mbedtls/3rdparty/p256-m/p256-m/p256-m.o
 .text.u288_muladd
                0x0000000020480416       0xba ../../lib/mbedtls/3rdparty/p256-m/p256-m/p256-m.o
 .text.u288_rshift32
                0x00000000204804d0       0x3e ../../lib/mbedtls/3rdparty/p256-m/p256-m/p256-m.o
 .text.u256_from_bytes
                0x000000002048050e       0x74 ../../lib/mbedtls/3rdparty/p256-m/p256-m/p256-m.o
 .text.m256_add
                0x0000000020480582       0x44 ../../lib/mbedtls/3rdparty/p256-m/p256-m/p256-m.o
 .text.m256_add_p
                0x00000000204805c6       0x22 ../../lib/mbedtls/3rdparty/p256-m/p256-m/p256-m.o
 .text.m256_sub
                0x00000000204805e8       0x34 ../../lib/mbedtls/3rdparty/p256-m/p256-m/p256-m.o
 .text.m256_sub_p
                0x000000002048061c       0x22 ../../lib/mbedtls/3rdparty/p256-m/p256-m/p256-m.o
 .text.m256_mul
                0x000000002048063e       0xcc ../../lib/mbedtls/3rdparty/p256-m/p256-m/p256-m.o
 .text.m256_mul_p
                0x000000002048070a       0x22 ../../lib/mbedtls/3rdparty/p256-m/p256-m/p256-m.o
 .text.m256_prep
                0x000000002048072c       0x20 ../../lib/mbedtls/3rdparty/p256-m/p256-m/p256-m.o
 .text.m256_from_bytes
                0x000000002048074c       0x3a ../../lib/mbedtls/3rdparty/p256-m/p256-m/p256-m.o
 .text.point_check
                0x0000000020480786       0x6c ../../lib/mbedtls/3rdparty/p256-m/p256-m/p256-m.o
 .text.point_from_bytes
                0x00000000204807f2       0x50 ../../lib/mbedtls/3rdparty/p256-m/p256-m/p256-m.o
 .text.scalar_from_bytes
                0x0000000020480842       0x4e ../../lib/mbedtls/3rdparty/p256-m/p256-m/p256-m.o
 .text.p256_validate_pubkey
                0x0000000020480890       0x26 ../../lib/mbedtls/3rdparty/p256-m/p256-m/p256-m.o
                0x0000000020480890                p256_validate_pubkey
 .text.p256_validate_privkey
                0x00000000204808b6       0x2e ../../lib/mbedtls/3rdparty/p256-m/p256-m/p256-m.o
                0x00000000204808b6                p256_validate_privkey
 .text.psa_get_key_type
                0x00000000204808e4       0x10 ../../lib/mbedtls/3rdparty/p256-m/p256-m_driver_entrypoints.o
 .text.p256_transparent_import_key
                0x00000000204808f4       0xde ../../lib/mbedtls/3rdparty/p256-m/p256-m_driver_entrypoints.o
                0x00000000204808f4                p256_transparent_import_key
 .text.mbedtls_ctr_increment_counter
                0x00000000204809d2       0xd2 ../../lib/mbedtls/library/aes.o
 .text.mbedtls_aes_init
                0x0000000020480aa4       0x1a ../../lib/mbedtls/library/aes.o
                0x0000000020480aa4                mbedtls_aes_init
 .text.mbedtls_aes_free
                0x0000000020480abe       0x1e ../../lib/mbedtls/library/aes.o
                0x0000000020480abe                mbedtls_aes_free
 .text.mbedtls_aes_rk_offset
                0x0000000020480adc        0xc ../../lib/mbedtls/library/aes.o
 .text.mbedtls_aes_setkey_enc
                0x0000000020480ae8      0x4de ../../lib/mbedtls/library/aes.o
                0x0000000020480ae8                mbedtls_aes_setkey_enc
 .text.mbedtls_aes_setkey_dec
                0x0000000020480fc6      0x296 ../../lib/mbedtls/library/aes.o
                0x0000000020480fc6                mbedtls_aes_setkey_dec
 .text.mbedtls_internal_aes_encrypt
                0x000000002048125c      0xb6a ../../lib/mbedtls/library/aes.o
                0x000000002048125c                mbedtls_internal_aes_encrypt
 .text.mbedtls_internal_aes_decrypt
                0x0000000020481dc6      0xb6a ../../lib/mbedtls/library/aes.o
                0x0000000020481dc6                mbedtls_internal_aes_decrypt
 .text.mbedtls_aes_crypt_ecb
                0x0000000020482930       0x44 ../../lib/mbedtls/library/aes.o
                0x0000000020482930                mbedtls_aes_crypt_ecb
 .text.mbedtls_aes_crypt_ctr
                0x0000000020482974       0xfa ../../lib/mbedtls/library/aes.o
                0x0000000020482974                mbedtls_aes_crypt_ctr
 .text.aria_a   0x0000000020482a6e      0x1d2 ../../lib/mbedtls/library/aria.o
 .text.aria_sl  0x0000000020482c40      0x198 ../../lib/mbedtls/library/aria.o
 .text.aria_fo_xor
                0x0000000020482dd8       0xc4 ../../lib/mbedtls/library/aria.o
 .text.aria_fe_xor
                0x0000000020482e9c       0xc4 ../../lib/mbedtls/library/aria.o
 .text.aria_rot128
                0x0000000020482f60       0xf8 ../../lib/mbedtls/library/aria.o
 .text.mbedtls_aria_setkey_enc
                0x0000000020483058      0x368 ../../lib/mbedtls/library/aria.o
                0x0000000020483058                mbedtls_aria_setkey_enc
 .text.mbedtls_aria_setkey_dec
                0x00000000204833c0       0xf8 ../../lib/mbedtls/library/aria.o
                0x00000000204833c0                mbedtls_aria_setkey_dec
 .text.mbedtls_aria_crypt_ecb
                0x00000000204834b8      0x396 ../../lib/mbedtls/library/aria.o
                0x00000000204834b8                mbedtls_aria_crypt_ecb
 .text.mbedtls_aria_init
                0x000000002048384e       0x1a ../../lib/mbedtls/library/aria.o
                0x000000002048384e                mbedtls_aria_init
 .text.mbedtls_aria_free
                0x0000000020483868       0x1e ../../lib/mbedtls/library/aria.o
                0x0000000020483868                mbedtls_aria_free
 .text.mbedtls_aria_crypt_ctr
                0x0000000020483886       0xc2 ../../lib/mbedtls/library/aria.o
                0x0000000020483886                mbedtls_aria_crypt_ctr
 .text.mbedtls_ct_compiler_opaque
                0x0000000020483948       0x10 ../../lib/mbedtls/library/bignum.o
 .text.mbedtls_ct_bool
                0x0000000020483958       0x32 ../../lib/mbedtls/library/bignum.o
 .text.mbedtls_ct_if
                0x000000002048398a       0x2c ../../lib/mbedtls/library/bignum.o
 .text.mbedtls_ct_uint_if
                0x00000000204839b6       0x1c ../../lib/mbedtls/library/bignum.o
 .text.mbedtls_ct_mpi_uint_if_else_0
                0x00000000204839d2       0x12 ../../lib/mbedtls/library/bignum.o
 .text.mbedtls_ct_bool_not
                0x00000000204839e4       0x10 ../../lib/mbedtls/library/bignum.o
 .text.mbedtls_ct_mpi_sign_if
                0x00000000204839f4       0x42 ../../lib/mbedtls/library/bignum.o
 .text.mbedtls_mpi_safe_cond_assign
                0x0000000020483a36       0xb8 ../../lib/mbedtls/library/bignum.o
                0x0000000020483a36                mbedtls_mpi_safe_cond_assign
 .text.mbedtls_mpi_init
                0x0000000020483aee       0x1e ../../lib/mbedtls/library/bignum.o
                0x0000000020483aee                mbedtls_mpi_init
 .text.mbedtls_mpi_free
                0x0000000020483b0c       0x42 ../../lib/mbedtls/library/bignum.o
                0x0000000020483b0c                mbedtls_mpi_free
 .text.mbedtls_mpi_grow
                0x0000000020483b4e       0x88 ../../lib/mbedtls/library/bignum.o
                0x0000000020483b4e                mbedtls_mpi_grow
 .text.mbedtls_mpi_shrink
                0x0000000020483bd6       0xc8 ../../lib/mbedtls/library/bignum.o
                0x0000000020483bd6                mbedtls_mpi_shrink
 .text.mbedtls_mpi_resize_clear
                0x0000000020483c9e       0x54 ../../lib/mbedtls/library/bignum.o
 .text.mbedtls_mpi_copy
                0x0000000020483cf2       0xe2 ../../lib/mbedtls/library/bignum.o
                0x0000000020483cf2                mbedtls_mpi_copy
 .text.mpi_sint_abs
                0x0000000020483dd4       0x1a ../../lib/mbedtls/library/bignum.o
 .text.mbedtls_mpi_lset
                0x0000000020483dee       0x70 ../../lib/mbedtls/library/bignum.o
                0x0000000020483dee                mbedtls_mpi_lset
 .text.mbedtls_mpi_get_bit
                0x0000000020483e5e       0x36 ../../lib/mbedtls/library/bignum.o
                0x0000000020483e5e                mbedtls_mpi_get_bit
 .text.mbedtls_mpi_lsb
                0x0000000020483e94       0x58 ../../lib/mbedtls/library/bignum.o
                0x0000000020483e94                mbedtls_mpi_lsb
 .text.mbedtls_mpi_bitlen
                0x0000000020483eec       0x22 ../../lib/mbedtls/library/bignum.o
                0x0000000020483eec                mbedtls_mpi_bitlen
 .text.mbedtls_mpi_size
                0x0000000020483f0e       0x18 ../../lib/mbedtls/library/bignum.o
                0x0000000020483f0e                mbedtls_mpi_size
 .text.mbedtls_mpi_read_binary
                0x0000000020483f26       0x54 ../../lib/mbedtls/library/bignum.o
                0x0000000020483f26                mbedtls_mpi_read_binary
 .text.mbedtls_mpi_write_binary
                0x0000000020483f7a       0x2a ../../lib/mbedtls/library/bignum.o
                0x0000000020483f7a                mbedtls_mpi_write_binary
 .text.mbedtls_mpi_shift_l
                0x0000000020483fa4       0x66 ../../lib/mbedtls/library/bignum.o
                0x0000000020483fa4                mbedtls_mpi_shift_l
 .text.mbedtls_mpi_shift_r
                0x000000002048400a       0x2e ../../lib/mbedtls/library/bignum.o
                0x000000002048400a                mbedtls_mpi_shift_r
 .text.mbedtls_mpi_cmp_abs
                0x0000000020484038       0xec ../../lib/mbedtls/library/bignum.o
                0x0000000020484038                mbedtls_mpi_cmp_abs
 .text.mbedtls_mpi_cmp_mpi
                0x0000000020484124      0x140 ../../lib/mbedtls/library/bignum.o
                0x0000000020484124                mbedtls_mpi_cmp_mpi
 .text.mbedtls_mpi_cmp_int
                0x0000000020484264       0x4e ../../lib/mbedtls/library/bignum.o
                0x0000000020484264                mbedtls_mpi_cmp_int
 .text.mbedtls_mpi_add_abs
                0x00000000204842b2      0x10e ../../lib/mbedtls/library/bignum.o
                0x00000000204842b2                mbedtls_mpi_add_abs
 .text.mbedtls_mpi_sub_abs
                0x00000000204843c0      0x150 ../../lib/mbedtls/library/bignum.o
                0x00000000204843c0                mbedtls_mpi_sub_abs
 .text.add_sub_mpi
                0x0000000020484510       0xb2 ../../lib/mbedtls/library/bignum.o
 .text.mbedtls_mpi_add_mpi
                0x00000000204845c2       0x1e ../../lib/mbedtls/library/bignum.o
                0x00000000204845c2                mbedtls_mpi_add_mpi
 .text.mbedtls_mpi_sub_mpi
                0x00000000204845e0       0x1e ../../lib/mbedtls/library/bignum.o
                0x00000000204845e0                mbedtls_mpi_sub_mpi
 .text.mbedtls_mpi_add_int
                0x00000000204845fe       0x54 ../../lib/mbedtls/library/bignum.o
                0x00000000204845fe                mbedtls_mpi_add_int
 .text.mbedtls_mpi_sub_int
                0x0000000020484652       0x54 ../../lib/mbedtls/library/bignum.o
                0x0000000020484652                mbedtls_mpi_sub_int
 .text.mbedtls_mpi_mul_mpi
                0x00000000204846a6      0x152 ../../lib/mbedtls/library/bignum.o
                0x00000000204846a6                mbedtls_mpi_mul_mpi
 .text.mbedtls_mpi_mul_int
                0x00000000204847f8       0x94 ../../lib/mbedtls/library/bignum.o
                0x00000000204847f8                mbedtls_mpi_mul_int
 .text.mbedtls_int_div_int
                0x000000002048488c       0x8e ../../lib/mbedtls/library/bignum.o
 .text.mbedtls_mpi_div_mpi
                0x000000002048491a      0x4f2 ../../lib/mbedtls/library/bignum.o
                0x000000002048491a                mbedtls_mpi_div_mpi
 .text.mbedtls_mpi_mod_mpi
                0x0000000020484e0c       0x80 ../../lib/mbedtls/library/bignum.o
                0x0000000020484e0c                mbedtls_mpi_mod_mpi
 .text.mbedtls_mpi_exp_mod
                0x0000000020484e8c      0x226 ../../lib/mbedtls/library/bignum.o
                0x0000000020484e8c                mbedtls_mpi_exp_mod
 .text.mbedtls_mpi_gcd
                0x00000000204850b2      0x16c ../../lib/mbedtls/library/bignum.o
                0x00000000204850b2                mbedtls_mpi_gcd
 .text.mbedtls_mpi_random
                0x000000002048521e       0x66 ../../lib/mbedtls/library/bignum.o
                0x000000002048521e                mbedtls_mpi_random
 .text.mbedtls_mpi_inv_mod
                0x0000000020485284      0x37a ../../lib/mbedtls/library/bignum.o
                0x0000000020485284                mbedtls_mpi_inv_mod
 .text.mbedtls_ct_compiler_opaque
                0x00000000204855fe       0x10 ../../lib/mbedtls/library/bignum_core.o
 .text.mbedtls_ct_bool
                0x000000002048560e       0x32 ../../lib/mbedtls/library/bignum_core.o
 .text.mbedtls_ct_if
                0x0000000020485640       0x2c ../../lib/mbedtls/library/bignum_core.o
 .text.mbedtls_ct_uint_lt
                0x000000002048566c       0x48 ../../lib/mbedtls/library/bignum_core.o
 .text.mbedtls_ct_uint_ne
                0x00000000204856b4       0x2a ../../lib/mbedtls/library/bignum_core.o
 .text.mbedtls_ct_mpi_uint_if
                0x00000000204856de       0x1c ../../lib/mbedtls/library/bignum_core.o
 .text.mbedtls_ct_uint_eq
                0x00000000204856fa       0x1c ../../lib/mbedtls/library/bignum_core.o
 .text.mbedtls_ct_uint_ge
                0x0000000020485716       0x1c ../../lib/mbedtls/library/bignum_core.o
 .text.mbedtls_ct_bool_and
                0x0000000020485732       0x12 ../../lib/mbedtls/library/bignum_core.o
 .text.mbedtls_ct_bool_or
                0x0000000020485744       0x12 ../../lib/mbedtls/library/bignum_core.o
 .text.mbedtls_ct_bool_not
                0x0000000020485756       0x10 ../../lib/mbedtls/library/bignum_core.o
 .text.mbedtls_mpi_core_clz
                0x0000000020485766       0x16 ../../lib/mbedtls/library/bignum_core.o
                0x0000000020485766                mbedtls_mpi_core_clz
 .text.mbedtls_mpi_core_bitlen
                0x000000002048577c       0x56 ../../lib/mbedtls/library/bignum_core.o
                0x000000002048577c                mbedtls_mpi_core_bitlen
 .text.mpi_bigendian_to_host
                0x00000000204857d2       0x16 ../../lib/mbedtls/library/bignum_core.o
 .text.mbedtls_mpi_core_bigendian_to_host
                0x00000000204857e8       0x60 ../../lib/mbedtls/library/bignum_core.o
                0x00000000204857e8                mbedtls_mpi_core_bigendian_to_host
 .text.mbedtls_mpi_core_uint_le_mpi
                0x0000000020485848       0x5c ../../lib/mbedtls/library/bignum_core.o
                0x0000000020485848                mbedtls_mpi_core_uint_le_mpi
 .text.mbedtls_mpi_core_lt_ct
                0x00000000204858a4       0xbe ../../lib/mbedtls/library/bignum_core.o
                0x00000000204858a4                mbedtls_mpi_core_lt_ct
 .text.mbedtls_mpi_core_cond_assign
                0x0000000020485962       0x5e ../../lib/mbedtls/library/bignum_core.o
                0x0000000020485962                mbedtls_mpi_core_cond_assign
 .text.mbedtls_mpi_core_read_be
                0x00000000204859c0       0x7a ../../lib/mbedtls/library/bignum_core.o
                0x00000000204859c0                mbedtls_mpi_core_read_be
 .text.mbedtls_mpi_core_write_be
                0x0000000020485a3a       0xc0 ../../lib/mbedtls/library/bignum_core.o
                0x0000000020485a3a                mbedtls_mpi_core_write_be
 .text.mbedtls_mpi_core_shift_r
                0x0000000020485afa      0x11e ../../lib/mbedtls/library/bignum_core.o
                0x0000000020485afa                mbedtls_mpi_core_shift_r
 .text.mbedtls_mpi_core_shift_l
                0x0000000020485c18       0xe4 ../../lib/mbedtls/library/bignum_core.o
                0x0000000020485c18                mbedtls_mpi_core_shift_l
 .text.mbedtls_mpi_core_add
                0x0000000020485cfc       0x84 ../../lib/mbedtls/library/bignum_core.o
                0x0000000020485cfc                mbedtls_mpi_core_add
 .text.mbedtls_mpi_core_sub
                0x0000000020485d80       0x84 ../../lib/mbedtls/library/bignum_core.o
                0x0000000020485d80                mbedtls_mpi_core_sub
 .text.mbedtls_mpi_core_mla
                0x0000000020485e04      0x720 ../../lib/mbedtls/library/bignum_core.o
                0x0000000020485e04                mbedtls_mpi_core_mla
 .text.mbedtls_mpi_core_mul
                0x0000000020486524       0x60 ../../lib/mbedtls/library/bignum_core.o
                0x0000000020486524                mbedtls_mpi_core_mul
 .text.mbedtls_mpi_core_montmul_init
                0x0000000020486584       0x54 ../../lib/mbedtls/library/bignum_core.o
                0x0000000020486584                mbedtls_mpi_core_montmul_init
 .text.mbedtls_mpi_core_montmul
                0x00000000204865d8       0xc2 ../../lib/mbedtls/library/bignum_core.o
                0x00000000204865d8                mbedtls_mpi_core_montmul
 .text.mbedtls_mpi_core_get_mont_r2_unsafe
                0x000000002048669a       0x5e ../../lib/mbedtls/library/bignum_core.o
                0x000000002048669a                mbedtls_mpi_core_get_mont_r2_unsafe
 .text.mbedtls_mpi_core_ct_uint_table_lookup
                0x00000000204866f8       0x4a ../../lib/mbedtls/library/bignum_core.o
 .text.mbedtls_mpi_core_fill_random
                0x0000000020486742       0x92 ../../lib/mbedtls/library/bignum_core.o
                0x0000000020486742                mbedtls_mpi_core_fill_random
 .text.mbedtls_mpi_core_random
                0x00000000204867d4       0xc0 ../../lib/mbedtls/library/bignum_core.o
                0x00000000204867d4                mbedtls_mpi_core_random
 .text.exp_mod_get_window_size
                0x0000000020486894       0x1a ../../lib/mbedtls/library/bignum_core.o
 .text.mbedtls_mpi_core_exp_mod_working_limbs
                0x00000000204868ae       0x44 ../../lib/mbedtls/library/bignum_core.o
                0x00000000204868ae                mbedtls_mpi_core_exp_mod_working_limbs
 .text.exp_mod_precompute_window
                0x00000000204868f2       0x98 ../../lib/mbedtls/library/bignum_core.o
 .text.mbedtls_mpi_core_exp_mod
                0x000000002048698a      0x116 ../../lib/mbedtls/library/bignum_core.o
                0x000000002048698a                mbedtls_mpi_core_exp_mod
 .text.mbedtls_mpi_core_sub_int
                0x0000000020486aa0       0x54 ../../lib/mbedtls/library/bignum_core.o
                0x0000000020486aa0                mbedtls_mpi_core_sub_int
 .text.mbedtls_mpi_core_check_zero_ct
                0x0000000020486af4       0x40 ../../lib/mbedtls/library/bignum_core.o
                0x0000000020486af4                mbedtls_mpi_core_check_zero_ct
 .text.mbedtls_mpi_core_to_mont_rep
                0x0000000020486b34       0x2e ../../lib/mbedtls/library/bignum_core.o
                0x0000000020486b34                mbedtls_mpi_core_to_mont_rep
 .text.mbedtls_mpi_core_from_mont_rep
                0x0000000020486b62       0x30 ../../lib/mbedtls/library/bignum_core.o
                0x0000000020486b62                mbedtls_mpi_core_from_mont_rep
 .text.camellia_feistel
                0x0000000020486b92      0x162 ../../lib/mbedtls/library/camellia.o
 .text.mbedtls_camellia_init
                0x0000000020486cf4       0x1a ../../lib/mbedtls/library/camellia.o
                0x0000000020486cf4                mbedtls_camellia_init
 .text.mbedtls_camellia_free
                0x0000000020486d0e       0x1e ../../lib/mbedtls/library/camellia.o
                0x0000000020486d0e                mbedtls_camellia_free
 .text.mbedtls_camellia_setkey_enc
                0x0000000020486d2c      0xb84 ../../lib/mbedtls/library/camellia.o
                0x0000000020486d2c                mbedtls_camellia_setkey_enc
 .text.mbedtls_camellia_setkey_dec
                0x00000000204878b0      0x1ce ../../lib/mbedtls/library/camellia.o
                0x00000000204878b0                mbedtls_camellia_setkey_dec
 .text.mbedtls_camellia_crypt_ecb
                0x0000000020487a7e      0x410 ../../lib/mbedtls/library/camellia.o
                0x0000000020487a7e                mbedtls_camellia_crypt_ecb
 .text.mbedtls_camellia_crypt_ctr
                0x0000000020487e8e       0xc6 ../../lib/mbedtls/library/camellia.o
                0x0000000020487e8e                mbedtls_camellia_crypt_ctr
 .text.chacha20_quarter_round
                0x0000000020487f54      0x182 ../../lib/mbedtls/library/chacha20.o
 .text.chacha20_inner_block
                0x00000000204880d6       0x7e ../../lib/mbedtls/library/chacha20.o
 .text.chacha20_block
                0x0000000020488154      0x194 ../../lib/mbedtls/library/chacha20.o
 .text.mbedtls_chacha20_init
                0x00000000204882e8       0x34 ../../lib/mbedtls/library/chacha20.o
                0x00000000204882e8                mbedtls_chacha20_init
 .text.mbedtls_chacha20_free
                0x000000002048831c       0x1c ../../lib/mbedtls/library/chacha20.o
                0x000000002048831c                mbedtls_chacha20_free
 .text.mbedtls_chacha20_setkey
                0x0000000020488338      0x1bc ../../lib/mbedtls/library/chacha20.o
                0x0000000020488338                mbedtls_chacha20_setkey
 .text.mbedtls_chacha20_update
                0x00000000204884f4      0x17e ../../lib/mbedtls/library/chacha20.o
                0x00000000204884f4                mbedtls_chacha20_update
 .text.chachapoly_pad_aad
                0x0000000020488672       0x4c ../../lib/mbedtls/library/chachapoly.o
 .text.mbedtls_chachapoly_init
                0x00000000204886be       0x46 ../../lib/mbedtls/library/chachapoly.o
                0x00000000204886be                mbedtls_chachapoly_init
 .text.mbedtls_chachapoly_free
                0x0000000020488704       0x4c ../../lib/mbedtls/library/chachapoly.o
                0x0000000020488704                mbedtls_chachapoly_free
 .text.mbedtls_chachapoly_setkey
                0x0000000020488750       0x24 ../../lib/mbedtls/library/chachapoly.o
                0x0000000020488750                mbedtls_chachapoly_setkey
 .text.mbedtls_chachapoly_update
                0x0000000020488774      0x104 ../../lib/mbedtls/library/chachapoly.o
                0x0000000020488774                mbedtls_chachapoly_update
 .text.mbedtls_cipher_info_get_key_bitlen
                0x0000000020488878       0x20 ../../lib/mbedtls/library/cipher.o
 .text.mbedtls_cipher_get_block_size
                0x0000000020488898       0x20 ../../lib/mbedtls/library/cipher.o
 .text.mbedtls_cipher_get_base
                0x00000000204888b8       0x28 ../../lib/mbedtls/library/cipher.o
 .text.mbedtls_cipher_info_from_values
                0x00000000204888e0       0x6e ../../lib/mbedtls/library/cipher.o
                0x00000000204888e0                mbedtls_cipher_info_from_values
 .text.mbedtls_cipher_init
                0x000000002048894e       0x1a ../../lib/mbedtls/library/cipher.o
                0x000000002048894e                mbedtls_cipher_init
 .text.mbedtls_cipher_free
                0x0000000020488968       0x4e ../../lib/mbedtls/library/cipher.o
                0x0000000020488968                mbedtls_cipher_free
 .text.mbedtls_cipher_setup
                0x00000000204889b6       0x5c ../../lib/mbedtls/library/cipher.o
                0x00000000204889b6                mbedtls_cipher_setup
 .text.mbedtls_cipher_setkey
                0x0000000020488a12       0xf6 ../../lib/mbedtls/library/cipher.o
                0x0000000020488a12                mbedtls_cipher_setkey
 .text.mbedtls_cipher_update
                0x0000000020488b08      0x19e ../../lib/mbedtls/library/cipher.o
                0x0000000020488b08                mbedtls_cipher_update
 *fill*         0x0000000020488ca6        0x2 
 .text          0x0000000020488ca8       0x32 ../../lib/mbedtls/library/cipher_wrap.o
                0x0000000020488ca8                mbedtls_cipher_base_lookup_table
 .text.gcm_ctx_alloc
                0x0000000020488cda       0x26 ../../lib/mbedtls/library/cipher_wrap.o
 .text.gcm_ctx_free
                0x0000000020488d00       0x1a ../../lib/mbedtls/library/cipher_wrap.o
 .text.aes_crypt_ecb_wrap
                0x0000000020488d1a       0x22 ../../lib/mbedtls/library/cipher_wrap.o
 .text.aes_crypt_ctr_wrap
                0x0000000020488d3c       0x2e ../../lib/mbedtls/library/cipher_wrap.o
 .text.aes_setkey_dec_wrap
                0x0000000020488d6a       0x1e ../../lib/mbedtls/library/cipher_wrap.o
 .text.aes_setkey_enc_wrap
                0x0000000020488d88       0x1e ../../lib/mbedtls/library/cipher_wrap.o
 .text.aes_ctx_alloc
                0x0000000020488da6       0x2a ../../lib/mbedtls/library/cipher_wrap.o
 .text.aes_ctx_free
                0x0000000020488dd0       0x1a ../../lib/mbedtls/library/cipher_wrap.o
 .text.gcm_aes_setkey_wrap
                0x0000000020488dea       0x20 ../../lib/mbedtls/library/cipher_wrap.o
 .text.camellia_crypt_ecb_wrap
                0x0000000020488e0a       0x22 ../../lib/mbedtls/library/cipher_wrap.o
 .text.camellia_crypt_ctr_wrap
                0x0000000020488e2c       0x2e ../../lib/mbedtls/library/cipher_wrap.o
 .text.camellia_setkey_dec_wrap
                0x0000000020488e5a       0x1e ../../lib/mbedtls/library/cipher_wrap.o
 .text.camellia_setkey_enc_wrap
                0x0000000020488e78       0x1e ../../lib/mbedtls/library/cipher_wrap.o
 .text.camellia_ctx_alloc
                0x0000000020488e96       0x2a ../../lib/mbedtls/library/cipher_wrap.o
 .text.camellia_ctx_free
                0x0000000020488ec0       0x1a ../../lib/mbedtls/library/cipher_wrap.o
 .text.gcm_camellia_setkey_wrap
                0x0000000020488eda       0x20 ../../lib/mbedtls/library/cipher_wrap.o
 .text.aria_crypt_ecb_wrap
                0x0000000020488efa       0x20 ../../lib/mbedtls/library/cipher_wrap.o
 .text.aria_crypt_ctr_wrap
                0x0000000020488f1a       0x2e ../../lib/mbedtls/library/cipher_wrap.o
 .text.aria_setkey_dec_wrap
                0x0000000020488f48       0x1e ../../lib/mbedtls/library/cipher_wrap.o
 .text.aria_setkey_enc_wrap
                0x0000000020488f66       0x1e ../../lib/mbedtls/library/cipher_wrap.o
 .text.aria_ctx_alloc
                0x0000000020488f84       0x2a ../../lib/mbedtls/library/cipher_wrap.o
 .text.aria_ctx_free
                0x0000000020488fae       0x1a ../../lib/mbedtls/library/cipher_wrap.o
 .text.gcm_aria_setkey_wrap
                0x0000000020488fc8       0x20 ../../lib/mbedtls/library/cipher_wrap.o
 .text.des_crypt_ecb_wrap
                0x0000000020488fe8       0x20 ../../lib/mbedtls/library/cipher_wrap.o
 .text.des3_crypt_ecb_wrap
                0x0000000020489008       0x20 ../../lib/mbedtls/library/cipher_wrap.o
 .text.des_setkey_dec_wrap
                0x0000000020489028       0x1c ../../lib/mbedtls/library/cipher_wrap.o
 .text.des_setkey_enc_wrap
                0x0000000020489044       0x1c ../../lib/mbedtls/library/cipher_wrap.o
 .text.des3_set2key_dec_wrap
                0x0000000020489060       0x1c ../../lib/mbedtls/library/cipher_wrap.o
 .text.des3_set2key_enc_wrap
                0x000000002048907c       0x1c ../../lib/mbedtls/library/cipher_wrap.o
 .text.des3_set3key_dec_wrap
                0x0000000020489098       0x1c ../../lib/mbedtls/library/cipher_wrap.o
 .text.des3_set3key_enc_wrap
                0x00000000204890b4       0x1c ../../lib/mbedtls/library/cipher_wrap.o
 .text.des_ctx_alloc
                0x00000000204890d0       0x2a ../../lib/mbedtls/library/cipher_wrap.o
 .text.des_ctx_free
                0x00000000204890fa       0x1a ../../lib/mbedtls/library/cipher_wrap.o
 .text.des3_ctx_alloc
                0x0000000020489114       0x2a ../../lib/mbedtls/library/cipher_wrap.o
 .text.des3_ctx_free
                0x000000002048913e       0x1a ../../lib/mbedtls/library/cipher_wrap.o
 .text.chacha20_setkey_wrap
                0x0000000020489158       0x3a ../../lib/mbedtls/library/cipher_wrap.o
 .text.chacha20_stream_wrap
                0x0000000020489192       0x3c ../../lib/mbedtls/library/cipher_wrap.o
 .text.chacha20_ctx_alloc
                0x00000000204891ce       0x2a ../../lib/mbedtls/library/cipher_wrap.o
 .text.chacha20_ctx_free
                0x00000000204891f8       0x1a ../../lib/mbedtls/library/cipher_wrap.o
 .text.chachapoly_setkey_wrap
                0x0000000020489212       0x3a ../../lib/mbedtls/library/cipher_wrap.o
 .text.chachapoly_ctx_alloc
                0x000000002048924c       0x2a ../../lib/mbedtls/library/cipher_wrap.o
 .text.chachapoly_ctx_free
                0x0000000020489276       0x1a ../../lib/mbedtls/library/cipher_wrap.o
 .text.kw_ctx_alloc
                0x0000000020489290       0x26 ../../lib/mbedtls/library/cipher_wrap.o
 .text.kw_ctx_free
                0x00000000204892b6       0x1a ../../lib/mbedtls/library/cipher_wrap.o
 .text.kw_aes_setkey_wrap
                0x00000000204892d0       0x22 ../../lib/mbedtls/library/cipher_wrap.o
 .text.kw_aes_setkey_unwrap
                0x00000000204892f2       0x22 ../../lib/mbedtls/library/cipher_wrap.o
 .text.mbedtls_cipher_info_get_type
                0x0000000020489314       0x18 ../../lib/mbedtls/library/cmac.o
 .text.mbedtls_cipher_info_get_block_size
                0x000000002048932c       0x1c ../../lib/mbedtls/library/cmac.o
 .text.mbedtls_ct_compiler_opaque
                0x0000000020489348       0x10 ../../lib/mbedtls/library/cmac.o
 .text.mbedtls_ct_bool
                0x0000000020489358       0x34 ../../lib/mbedtls/library/cmac.o
 .text.mbedtls_ct_uint_if_else_0
                0x000000002048938c       0x12 ../../lib/mbedtls/library/cmac.o
 .text.cmac_multiply_by_u
                0x000000002048939e      0x162 ../../lib/mbedtls/library/cmac.o
 .text.cmac_generate_subkeys
                0x0000000020489500       0x76 ../../lib/mbedtls/library/cmac.o
 .text.cmac_pad
                0x0000000020489576       0x64 ../../lib/mbedtls/library/cmac.o
 .text.mbedtls_cipher_cmac_starts
                0x00000000204895da       0x9e ../../lib/mbedtls/library/cmac.o
                0x00000000204895da                mbedtls_cipher_cmac_starts
 .text.mbedtls_cipher_cmac_update
                0x0000000020489678      0x1cc ../../lib/mbedtls/library/cmac.o
                0x0000000020489678                mbedtls_cipher_cmac_update
 .text.mbedtls_cipher_cmac_finish
                0x0000000020489844      0x1b8 ../../lib/mbedtls/library/cmac.o
                0x0000000020489844                mbedtls_cipher_cmac_finish
 .text.mbedtls_ct_compiler_opaque
                0x00000000204899fc       0x10 ../../lib/mbedtls/library/constant_time.o
 .text.mbedtls_ct_memcpy_if
                0x0000000020489a0c       0x80 ../../lib/mbedtls/library/constant_time.o
                0x0000000020489a0c                mbedtls_ct_memcpy_if
 .text.mbedtls_ctr_increment_counter
                0x0000000020489a8c       0xd2 ../../lib/mbedtls/library/ctr_drbg.o
 .text.mbedtls_ctr_drbg_init
                0x0000000020489b5e       0x36 ../../lib/mbedtls/library/ctr_drbg.o
                0x0000000020489b5e                mbedtls_ctr_drbg_init
 .text.mbedtls_ctr_drbg_free
                0x0000000020489b94       0x3a ../../lib/mbedtls/library/ctr_drbg.o
                0x0000000020489b94                mbedtls_ctr_drbg_free
 .text.block_cipher_df
                0x0000000020489bce      0x32c ../../lib/mbedtls/library/ctr_drbg.o
 .text.ctr_drbg_update_internal
                0x0000000020489efa       0xec ../../lib/mbedtls/library/ctr_drbg.o
 .text.mbedtls_ctr_drbg_reseed_internal
                0x0000000020489fe6      0x14e ../../lib/mbedtls/library/ctr_drbg.o
 .text.mbedtls_ctr_drbg_reseed
                0x000000002048a134       0x20 ../../lib/mbedtls/library/ctr_drbg.o
                0x000000002048a134                mbedtls_ctr_drbg_reseed
 .text.good_nonce_len
                0x000000002048a154       0x1e ../../lib/mbedtls/library/ctr_drbg.o
 .text.mbedtls_ctr_drbg_seed
                0x000000002048a172       0x9a ../../lib/mbedtls/library/ctr_drbg.o
                0x000000002048a172                mbedtls_ctr_drbg_seed
 .text.mbedtls_ctr_drbg_random_with_add
                0x000000002048a20c      0x130 ../../lib/mbedtls/library/ctr_drbg.o
                0x000000002048a20c                mbedtls_ctr_drbg_random_with_add
 .text.mbedtls_ctr_drbg_random
                0x000000002048a33c       0x2e ../../lib/mbedtls/library/ctr_drbg.o
                0x000000002048a33c                mbedtls_ctr_drbg_random
 .text.mbedtls_des_init
                0x000000002048a36a       0x1a ../../lib/mbedtls/library/des.o
                0x000000002048a36a                mbedtls_des_init
 .text.mbedtls_des_free
                0x000000002048a384       0x1e ../../lib/mbedtls/library/des.o
                0x000000002048a384                mbedtls_des_free
 .text.mbedtls_des3_init
                0x000000002048a3a2       0x1a ../../lib/mbedtls/library/des.o
                0x000000002048a3a2                mbedtls_des3_init
 .text.mbedtls_des3_free
                0x000000002048a3bc       0x1e ../../lib/mbedtls/library/des.o
                0x000000002048a3bc                mbedtls_des3_free
 .text.mbedtls_des_setkey
                0x000000002048a3da      0x4fe ../../lib/mbedtls/library/des.o
                0x000000002048a3da                mbedtls_des_setkey
 .text.mbedtls_des_setkey_enc
                0x000000002048a8d8       0x1c ../../lib/mbedtls/library/des.o
                0x000000002048a8d8                mbedtls_des_setkey_enc
 .text.mbedtls_des_setkey_dec
                0x000000002048a8f4       0xa4 ../../lib/mbedtls/library/des.o
                0x000000002048a8f4                mbedtls_des_setkey_dec
 .text.des3_set2key
                0x000000002048a998      0x11a ../../lib/mbedtls/library/des.o
 .text.mbedtls_des3_set2key_enc
                0x000000002048aab2       0x30 ../../lib/mbedtls/library/des.o
                0x000000002048aab2                mbedtls_des3_set2key_enc
 .text.mbedtls_des3_set2key_dec
                0x000000002048aae2       0x30 ../../lib/mbedtls/library/des.o
                0x000000002048aae2                mbedtls_des3_set2key_dec
 .text.des3_set3key
                0x000000002048ab12      0x108 ../../lib/mbedtls/library/des.o
 .text.mbedtls_des3_set3key_enc
                0x000000002048ac1a       0x30 ../../lib/mbedtls/library/des.o
                0x000000002048ac1a                mbedtls_des3_set3key_enc
 .text.mbedtls_des3_set3key_dec
                0x000000002048ac4a       0x30 ../../lib/mbedtls/library/des.o
                0x000000002048ac4a                mbedtls_des3_set3key_dec
 .text.mbedtls_des_crypt_ecb
                0x000000002048ac7a      0x4e2 ../../lib/mbedtls/library/des.o
                0x000000002048ac7a                mbedtls_des_crypt_ecb
 .text.mbedtls_des3_crypt_ecb
                0x000000002048b15c      0x8b6 ../../lib/mbedtls/library/des.o
                0x000000002048b15c                mbedtls_des3_crypt_ecb
 .text.mbedtls_ecdsa_genkey
                0x000000002048ba12       0x44 ../../lib/mbedtls/library/ecdsa.o
                0x000000002048ba12                mbedtls_ecdsa_genkey
 .text.mbedtls_ecdsa_init
                0x000000002048ba56       0x12 ../../lib/mbedtls/library/ecdsa.o
                0x000000002048ba56                mbedtls_ecdsa_init
 .text.mbedtls_ecdsa_free
                0x000000002048ba68       0x18 ../../lib/mbedtls/library/ecdsa.o
                0x000000002048ba68                mbedtls_ecdsa_free
 .text.mbedtls_ecp_group_a_is_minus_3
                0x000000002048ba80       0x16 ../../lib/mbedtls/library/ecp.o
 .text.mpi_init_many
                0x000000002048ba96       0x2c ../../lib/mbedtls/library/ecp.o
 .text.mpi_free_many
                0x000000002048bac2       0x2c ../../lib/mbedtls/library/ecp.o
 .text.mbedtls_ecp_get_type
                0x000000002048baee       0x20 ../../lib/mbedtls/library/ecp.o
                0x000000002048baee                mbedtls_ecp_get_type
 .text.mbedtls_ecp_point_init
                0x000000002048bb0e       0x2a ../../lib/mbedtls/library/ecp.o
                0x000000002048bb0e                mbedtls_ecp_point_init
 .text.mbedtls_ecp_group_init
                0x000000002048bb38       0x7e ../../lib/mbedtls/library/ecp.o
                0x000000002048bb38                mbedtls_ecp_group_init
 .text.mbedtls_ecp_keypair_init
                0x000000002048bbb6       0x2e ../../lib/mbedtls/library/ecp.o
                0x000000002048bbb6                mbedtls_ecp_keypair_init
 .text.mbedtls_ecp_point_free
                0x000000002048bbe4       0x30 ../../lib/mbedtls/library/ecp.o
                0x000000002048bbe4                mbedtls_ecp_point_free
 .text.ecp_group_is_static_comb_table
                0x000000002048bc14       0x1c ../../lib/mbedtls/library/ecp.o
 .text.mbedtls_ecp_group_free
                0x000000002048bc30       0xa0 ../../lib/mbedtls/library/ecp.o
                0x000000002048bc30                mbedtls_ecp_group_free
 .text.mbedtls_ecp_keypair_free
                0x000000002048bcd0       0x34 ../../lib/mbedtls/library/ecp.o
                0x000000002048bcd0                mbedtls_ecp_keypair_free
 .text.mbedtls_ecp_copy
                0x000000002048bd04       0x58 ../../lib/mbedtls/library/ecp.o
                0x000000002048bd04                mbedtls_ecp_copy
 .text.mbedtls_ecp_group_copy
                0x000000002048bd5c       0x1e ../../lib/mbedtls/library/ecp.o
                0x000000002048bd5c                mbedtls_ecp_group_copy
 .text.mbedtls_ecp_set_zero
                0x000000002048bd7a       0x48 ../../lib/mbedtls/library/ecp.o
                0x000000002048bd7a                mbedtls_ecp_set_zero
 .text.mbedtls_ecp_is_zero
                0x000000002048bdc2       0x24 ../../lib/mbedtls/library/ecp.o
                0x000000002048bdc2                mbedtls_ecp_is_zero
 .text.mbedtls_ecp_point_write_binary
                0x000000002048bde6      0x12e ../../lib/mbedtls/library/ecp.o
                0x000000002048bde6                mbedtls_ecp_point_write_binary
 .text.mbedtls_ecp_point_read_binary
                0x000000002048bf14      0x12c ../../lib/mbedtls/library/ecp.o
                0x000000002048bf14                mbedtls_ecp_point_read_binary
 .text.ecp_modp
                0x000000002048c040       0xc4 ../../lib/mbedtls/library/ecp.o
 .text.mbedtls_mpi_mul_mod
                0x000000002048c104       0x46 ../../lib/mbedtls/library/ecp.o
 .text.mbedtls_mpi_sub_mod
                0x000000002048c14a       0x5a ../../lib/mbedtls/library/ecp.o
 .text.mbedtls_mpi_add_mod
                0x000000002048c1a4       0x56 ../../lib/mbedtls/library/ecp.o
 .text.mbedtls_mpi_mul_int_mod
                0x000000002048c1fa       0x56 ../../lib/mbedtls/library/ecp.o
 .text.mbedtls_mpi_sub_int_mod
                0x000000002048c250       0x5c ../../lib/mbedtls/library/ecp.o
 .text.mbedtls_mpi_shift_l_mod
                0x000000002048c2ac       0x52 ../../lib/mbedtls/library/ecp.o
 .text.ecp_sw_rhs
                0x000000002048c2fe       0x80 ../../lib/mbedtls/library/ecp.o
 .text.mbedtls_ecp_sw_derive_y
                0x000000002048c37e       0xca ../../lib/mbedtls/library/ecp.o
 .text.ecp_normalize_jac
                0x000000002048c448       0xce ../../lib/mbedtls/library/ecp.o
 .text.ecp_normalize_jac_many
                0x000000002048c516      0x28e ../../lib/mbedtls/library/ecp.o
 .text.ecp_safe_invert_jac
                0x000000002048c7a4       0x8a ../../lib/mbedtls/library/ecp.o
 .text.ecp_double_jac
                0x000000002048c82e      0x35a ../../lib/mbedtls/library/ecp.o
 .text.ecp_add_mixed
                0x000000002048cb88      0x2c2 ../../lib/mbedtls/library/ecp.o
 .text.ecp_randomize_jac
                0x000000002048ce4a       0xd4 ../../lib/mbedtls/library/ecp.o
 .text.ecp_comb_recode_core
                0x000000002048cf1e      0x1b8 ../../lib/mbedtls/library/ecp.o
 .text.ecp_precompute_comb
                0x000000002048d0d6      0x250 ../../lib/mbedtls/library/ecp.o
 .text.ecp_select_comb
                0x000000002048d326       0xf4 ../../lib/mbedtls/library/ecp.o
 .text.ecp_mul_comb_core
                0x000000002048d41a       0xde ../../lib/mbedtls/library/ecp.o
 .text.ecp_comb_recode_scalar
                0x000000002048d4f8       0xd0 ../../lib/mbedtls/library/ecp.o
 .text.ecp_mul_comb_after_precomp
                0x000000002048d5c8       0xce ../../lib/mbedtls/library/ecp.o
 .text.ecp_pick_window_size
                0x000000002048d696       0x70 ../../lib/mbedtls/library/ecp.o
 .text.ecp_mul_comb
                0x000000002048d706      0x1c2 ../../lib/mbedtls/library/ecp.o
 .text.ecp_mul_restartable_internal
                0x000000002048d8c8       0x6e ../../lib/mbedtls/library/ecp.o
 .text.mbedtls_ecp_mul_restartable
                0x000000002048d936       0x3a ../../lib/mbedtls/library/ecp.o
                0x000000002048d936                mbedtls_ecp_mul_restartable
 .text.mbedtls_ecp_mul
                0x000000002048d970       0x2c ../../lib/mbedtls/library/ecp.o
                0x000000002048d970                mbedtls_ecp_mul
 .text.ecp_check_pubkey_sw
                0x000000002048d99c       0xdc ../../lib/mbedtls/library/ecp.o
 .text.mbedtls_ecp_check_pubkey
                0x000000002048da78       0x48 ../../lib/mbedtls/library/ecp.o
                0x000000002048da78                mbedtls_ecp_check_pubkey
 .text.mbedtls_ecp_check_privkey
                0x000000002048dac0       0x52 ../../lib/mbedtls/library/ecp.o
                0x000000002048dac0                mbedtls_ecp_check_privkey
 .text.mbedtls_ecp_gen_privkey_sw
                0x000000002048db12       0x36 ../../lib/mbedtls/library/ecp.o
 .text.mbedtls_ecp_gen_privkey
                0x000000002048db48       0x3e ../../lib/mbedtls/library/ecp.o
                0x000000002048db48                mbedtls_ecp_gen_privkey
 .text.mbedtls_ecp_gen_keypair_base
                0x000000002048db86       0x46 ../../lib/mbedtls/library/ecp.o
                0x000000002048db86                mbedtls_ecp_gen_keypair_base
 .text.mbedtls_ecp_gen_keypair
                0x000000002048dbcc       0x2c ../../lib/mbedtls/library/ecp.o
                0x000000002048dbcc                mbedtls_ecp_gen_keypair
 .text.mbedtls_ecp_set_public_key
                0x000000002048dbf8       0x52 ../../lib/mbedtls/library/ecp.o
                0x000000002048dbf8                mbedtls_ecp_set_public_key
 .text.mbedtls_ecp_read_key
                0x000000002048dc4a       0x80 ../../lib/mbedtls/library/ecp.o
                0x000000002048dc4a                mbedtls_ecp_read_key
 .text.mbedtls_ecp_write_key_ext
                0x000000002048dcca       0x72 ../../lib/mbedtls/library/ecp.o
                0x000000002048dcca                mbedtls_ecp_write_key_ext
 .text.mbedtls_ecp_keypair_get_group_id
                0x000000002048dd3c        0xe ../../lib/mbedtls/library/ecp.o
                0x000000002048dd3c                mbedtls_ecp_keypair_get_group_id
 .text.mbedtls_ecp_export
                0x000000002048dd4a       0x6c ../../lib/mbedtls/library/ecp.o
                0x000000002048dd4a                mbedtls_ecp_export
 .text.ecp_mpi_load
                0x000000002048ddb6       0x2c ../../lib/mbedtls/library/ecp_curves.o
 .text.ecp_mpi_set1
                0x000000002048dde2       0x22 ../../lib/mbedtls/library/ecp_curves.o
 .text.ecp_group_load
                0x000000002048de04       0xba ../../lib/mbedtls/library/ecp_curves.o
 .text.mbedtls_ecp_group_load
                0x000000002048debe      0x18e ../../lib/mbedtls/library/ecp_curves.o
                0x000000002048debe                mbedtls_ecp_group_load
 .text.add32    0x000000002048e04c       0x44 ../../lib/mbedtls/library/ecp_curves.o
 .text.sub32    0x000000002048e090       0x44 ../../lib/mbedtls/library/ecp_curves.o
 .text.mbedtls_ecp_fix_negative
                0x000000002048e0d4       0xa2 ../../lib/mbedtls/library/ecp_curves.o
 .text.ecp_mod_p256
                0x000000002048e176      0x91c ../../lib/mbedtls/library/ecp_curves.o
 .text.ecp_mod_p384
                0x000000002048ea92      0xbd2 ../../lib/mbedtls/library/ecp_curves.o
 .text.ecp_mod_p521
                0x000000002048f664       0xcc ../../lib/mbedtls/library/ecp_curves.o
 .text.mbedtls_entropy_init
                0x000000002048f730       0x46 ../../lib/mbedtls/library/entropy.o
                0x000000002048f730                mbedtls_entropy_init
 .text.mbedtls_entropy_free
                0x000000002048f776       0x3c ../../lib/mbedtls/library/entropy.o
                0x000000002048f776                mbedtls_entropy_free
 .text.mbedtls_entropy_add_source
                0x000000002048f7b2       0x80 ../../lib/mbedtls/library/entropy.o
                0x000000002048f7b2                mbedtls_entropy_add_source
 .text.entropy_update
                0x000000002048f832       0xdc ../../lib/mbedtls/library/entropy.o
 .text.entropy_gather_internal
                0x000000002048f90e       0xf0 ../../lib/mbedtls/library/entropy.o
 .text.mbedtls_entropy_func
                0x000000002048f9fe      0x1b0 ../../lib/mbedtls/library/entropy.o
                0x000000002048f9fe                mbedtls_entropy_func
 .text.mbedtls_cipher_info_get_block_size
                0x000000002048fbae       0x1c ../../lib/mbedtls/library/gcm.o
 .text.mbedtls_gcm_init
                0x000000002048fbca       0x1a ../../lib/mbedtls/library/gcm.o
                0x000000002048fbca                mbedtls_gcm_init
 .text.gcm_set_acceleration
                0x000000002048fbe4       0x10 ../../lib/mbedtls/library/gcm.o
 .text.gcm_gen_table_rightshift
                0x000000002048fbf4      0x2c2 ../../lib/mbedtls/library/gcm.o
 .text.gcm_gen_table
                0x000000002048feb6      0x2d0 ../../lib/mbedtls/library/gcm.o
 .text.mbedtls_gcm_setkey
                0x0000000020490186       0xac ../../lib/mbedtls/library/gcm.o
                0x0000000020490186                mbedtls_gcm_setkey
 .text.gcm_mult_smalltable
                0x0000000020490232      0x50c ../../lib/mbedtls/library/gcm.o
 .text.gcm_mult
                0x000000002049073e       0x2e ../../lib/mbedtls/library/gcm.o
 .text.gcm_incr
                0x000000002049076c       0xb2 ../../lib/mbedtls/library/gcm.o
 .text.gcm_mask
                0x000000002049081e      0x158 ../../lib/mbedtls/library/gcm.o
 .text.mbedtls_gcm_update
                0x0000000020490976      0x2aa ../../lib/mbedtls/library/gcm.o
                0x0000000020490976                mbedtls_gcm_update
 .text.mbedtls_gcm_free
                0x0000000020490c20       0x24 ../../lib/mbedtls/library/gcm.o
                0x0000000020490c20                mbedtls_gcm_free
 .text.mbedtls_md_info_from_type
                0x0000000020490c44       0x58 ../../lib/mbedtls/library/md.o
                0x0000000020490c44                mbedtls_md_info_from_type
 .text.mbedtls_md_init
                0x0000000020490c9c       0x18 ../../lib/mbedtls/library/md.o
                0x0000000020490c9c                mbedtls_md_init
 .text.mbedtls_md_free
                0x0000000020490cb4       0xa8 ../../lib/mbedtls/library/md.o
                0x0000000020490cb4                mbedtls_md_free
 .text.mbedtls_md_setup
                0x0000000020490d5c      0x16e ../../lib/mbedtls/library/md.o
                0x0000000020490d5c                mbedtls_md_setup
 .text.mbedtls_md_starts
                0x0000000020490eca       0xc6 ../../lib/mbedtls/library/md.o
                0x0000000020490eca                mbedtls_md_starts
 .text.mbedtls_md_update
                0x0000000020490f90       0x34 ../../lib/mbedtls/library/md.o
                0x0000000020490f90                mbedtls_md_update
 .text.mbedtls_md_finish
                0x0000000020490fc4       0xa2 ../../lib/mbedtls/library/md.o
                0x0000000020490fc4                mbedtls_md_finish
 .text.mbedtls_md
                0x0000000020491066       0xe4 ../../lib/mbedtls/library/md.o
                0x0000000020491066                mbedtls_md
 .text.mbedtls_cipher_info_get_block_size
                0x000000002049114a       0x1c ../../lib/mbedtls/library/nist_kw.o
 .text.mbedtls_nist_kw_init
                0x0000000020491166       0x1a ../../lib/mbedtls/library/nist_kw.o
                0x0000000020491166                mbedtls_nist_kw_init
 .text.mbedtls_nist_kw_setkey
                0x0000000020491180       0x9c ../../lib/mbedtls/library/nist_kw.o
                0x0000000020491180                mbedtls_nist_kw_setkey
 .text.mbedtls_nist_kw_free
                0x000000002049121c       0x1e ../../lib/mbedtls/library/nist_kw.o
                0x000000002049121c                mbedtls_nist_kw_free
 .text.mbedtls_platform_zeroize
                0x000000002049123a       0x4a ../../lib/mbedtls/library/platform_util.o
                0x000000002049123a                mbedtls_platform_zeroize
 .text.mbedtls_zeroize_and_free
                0x0000000020491284       0x22 ../../lib/mbedtls/library/platform_util.o
                0x0000000020491284                mbedtls_zeroize_and_free
 .text.mul64    0x00000000204912a6       0x38 ../../lib/mbedtls/library/poly1305.o
 .text.poly1305_process
                0x00000000204912de      0x870 ../../lib/mbedtls/library/poly1305.o
 .text.mbedtls_poly1305_init
                0x0000000020491b4e       0x18 ../../lib/mbedtls/library/poly1305.o
                0x0000000020491b4e                mbedtls_poly1305_init
 .text.mbedtls_poly1305_free
                0x0000000020491b66       0x1e ../../lib/mbedtls/library/poly1305.o
                0x0000000020491b66                mbedtls_poly1305_free
 .text.mbedtls_poly1305_update
                0x0000000020491b84       0xf2 ../../lib/mbedtls/library/poly1305.o
                0x0000000020491b84                mbedtls_poly1305_update
 .text.mbedtls_svc_key_id_is_null
                0x0000000020491c76       0x14 ../../lib/mbedtls/library/psa_crypto.o
 .text.psa_get_key_id
                0x0000000020491c8a        0xe ../../lib/mbedtls/library/psa_crypto.o
 .text.psa_get_key_lifetime
                0x0000000020491c98        0xe ../../lib/mbedtls/library/psa_crypto.o
 .text.psa_get_key_type
                0x0000000020491ca6       0x10 ../../lib/mbedtls/library/psa_crypto.o
 .text.psa_get_key_bits
                0x0000000020491cb6       0x10 ../../lib/mbedtls/library/psa_crypto.o
 .text.psa_driver_wrapper_init
                0x0000000020491cc6       0x10 ../../lib/mbedtls/library/psa_crypto.o
 .text.psa_driver_wrapper_free
                0x0000000020491cd6        0x4 ../../lib/mbedtls/library/psa_crypto.o
 .text.psa_driver_wrapper_get_key_buffer_size_from_key_data
                0x0000000020491cda       0x36 ../../lib/mbedtls/library/psa_crypto.o
 .text.psa_driver_wrapper_import_key
                0x0000000020491d10       0x6c ../../lib/mbedtls/library/psa_crypto.o
 .text.psa_driver_wrapper_hash_compute
                0x0000000020491d7c       0x42 ../../lib/mbedtls/library/psa_crypto.o
 .text.psa_driver_wrapper_hash_setup
                0x0000000020491dbe       0x40 ../../lib/mbedtls/library/psa_crypto.o
 .text.psa_driver_wrapper_hash_update
                0x0000000020491dfe       0x32 ../../lib/mbedtls/library/psa_crypto.o
 .text.psa_driver_wrapper_hash_finish
                0x0000000020491e30       0x36 ../../lib/mbedtls/library/psa_crypto.o
 .text.psa_driver_wrapper_hash_abort
                0x0000000020491e66       0x2a ../../lib/mbedtls/library/psa_crypto.o
 .text.psa_driver_wrapper_mac_sign_setup
                0x0000000020491e90       0x62 ../../lib/mbedtls/library/psa_crypto.o
 .text.psa_driver_wrapper_mac_verify_setup
                0x0000000020491ef2       0x62 ../../lib/mbedtls/library/psa_crypto.o
 .text.psa_driver_wrapper_mac_update
                0x0000000020491f54       0x32 ../../lib/mbedtls/library/psa_crypto.o
 .text.psa_driver_wrapper_mac_sign_finish
                0x0000000020491f86       0x36 ../../lib/mbedtls/library/psa_crypto.o
 .text.psa_driver_wrapper_mac_abort
                0x0000000020491fbc       0x2a ../../lib/mbedtls/library/psa_crypto.o
 .text.psa_key_slot_state_transition
                0x0000000020491fe6       0x26 ../../lib/mbedtls/library/psa_crypto.o
 .text.psa_key_lifetime_is_external
                0x000000002049200c       0x16 ../../lib/mbedtls/library/psa_crypto.o
 .text.mbedtls_psa_drbg_init
                0x0000000020492022       0x14 ../../lib/mbedtls/library/psa_crypto.o
 .text.mbedtls_psa_drbg_free
                0x0000000020492036       0x14 ../../lib/mbedtls/library/psa_crypto.o
 .text.mbedtls_psa_drbg_seed
                0x000000002049204a       0x2a ../../lib/mbedtls/library/psa_crypto.o
 .text.key_type_is_raw_bytes
                0x0000000020492074       0x30 ../../lib/mbedtls/library/psa_crypto.o
 .text.psa_get_initialized
                0x00000000204920a4       0x48 ../../lib/mbedtls/library/psa_crypto.o
 .text.mbedtls_to_psa_error
                0x00000000204920ec      0x472 ../../lib/mbedtls/library/psa_crypto.o
                0x00000000204920ec                mbedtls_to_psa_error
 .text.psa_wipe_tag_output_buffer
                0x000000002049255e       0x40 ../../lib/mbedtls/library/psa_crypto.o
 .text.psa_validate_unstructured_key_bit_size
                0x000000002049259e      0x186 ../../lib/mbedtls/library/psa_crypto.o
                0x000000002049259e                psa_validate_unstructured_key_bit_size
 .text.psa_mac_key_can_do
                0x0000000020492724       0x7e ../../lib/mbedtls/library/psa_crypto.o
 .text.psa_allocate_buffer_to_slot
                0x00000000204927a2       0x40 ../../lib/mbedtls/library/psa_crypto.o
                0x00000000204927a2                psa_allocate_buffer_to_slot
 .text.psa_import_key_into_slot
                0x00000000204927e2       0xb6 ../../lib/mbedtls/library/psa_crypto.o
                0x00000000204927e2                psa_import_key_into_slot
 .text.psa_key_algorithm_permits
                0x0000000020492898      0x5e6 ../../lib/mbedtls/library/psa_crypto.o
 .text.psa_key_policy_permits
                0x0000000020492e7e      0x1be ../../lib/mbedtls/library/psa_crypto.o
 .text.psa_get_and_lock_key_slot_with_policy
                0x000000002049303c       0x96 ../../lib/mbedtls/library/psa_crypto.o
 .text.psa_remove_key_data_from_memory
                0x00000000204930d2       0x18 ../../lib/mbedtls/library/psa_crypto.o
                0x00000000204930d2                psa_remove_key_data_from_memory
 .text.psa_wipe_key_slot
                0x00000000204930ea       0x74 ../../lib/mbedtls/library/psa_crypto.o
                0x00000000204930ea                psa_wipe_key_slot
 .text.psa_destroy_key
                0x000000002049315e       0x76 ../../lib/mbedtls/library/psa_crypto.o
                0x000000002049315e                psa_destroy_key
 .text.psa_validate_key_policy
                0x00000000204931d4       0x20 ../../lib/mbedtls/library/psa_crypto.o
 .text.psa_validate_key_attributes
                0x00000000204931f4       0xa0 ../../lib/mbedtls/library/psa_crypto.o
 .text.psa_start_key_creation
                0x0000000020493294       0x78 ../../lib/mbedtls/library/psa_crypto.o
 .text.psa_finish_key_creation
                0x000000002049330c       0x38 ../../lib/mbedtls/library/psa_crypto.o
 .text.psa_fail_key_creation
                0x0000000020493344       0x1c ../../lib/mbedtls/library/psa_crypto.o
 .text.psa_validate_optional_attributes
                0x0000000020493360       0x4a ../../lib/mbedtls/library/psa_crypto.o
 .text.psa_import_key
                0x00000000204933aa      0x15e ../../lib/mbedtls/library/psa_crypto.o
                0x00000000204933aa                psa_import_key
 .text.psa_hash_abort
                0x0000000020493508       0x28 ../../lib/mbedtls/library/psa_crypto.o
                0x0000000020493508                psa_hash_abort
 .text.psa_hash_setup
                0x0000000020493530       0x62 ../../lib/mbedtls/library/psa_crypto.o
                0x0000000020493530                psa_hash_setup
 .text.psa_hash_update
                0x0000000020493592       0x6c ../../lib/mbedtls/library/psa_crypto.o
                0x0000000020493592                psa_hash_update
 .text.psa_hash_finish_internal
                0x00000000204935fe       0x42 ../../lib/mbedtls/library/psa_crypto.o
 .text.psa_hash_finish
                0x0000000020493640       0x5c ../../lib/mbedtls/library/psa_crypto.o
                0x0000000020493640                psa_hash_finish
 .text.psa_hash_compute
                0x000000002049369c       0xa6 ../../lib/mbedtls/library/psa_crypto.o
                0x000000002049369c                psa_hash_compute
 .text.psa_mac_abort
                0x0000000020493742       0x3a ../../lib/mbedtls/library/psa_crypto.o
                0x0000000020493742                psa_mac_abort
 .text.psa_mac_finalize_alg_and_key_validation
                0x000000002049377c      0x410 ../../lib/mbedtls/library/psa_crypto.o
 .text.psa_mac_setup
                0x0000000020493b8c       0xe0 ../../lib/mbedtls/library/psa_crypto.o
 .text.psa_mac_sign_setup
                0x0000000020493c6c       0x20 ../../lib/mbedtls/library/psa_crypto.o
                0x0000000020493c6c                psa_mac_sign_setup
 .text.psa_mac_update
                0x0000000020493c8c       0x70 ../../lib/mbedtls/library/psa_crypto.o
                0x0000000020493c8c                psa_mac_update
 .text.psa_mac_sign_finish
                0x0000000020493cfc       0xe2 ../../lib/mbedtls/library/psa_crypto.o
                0x0000000020493cfc                psa_mac_sign_finish
 .text.psa_generate_random_internal
                0x0000000020493dde       0x68 ../../lib/mbedtls/library/psa_crypto.o
 .text.mbedtls_psa_random_init
                0x0000000020493e46       0x4a ../../lib/mbedtls/library/psa_crypto.o
 .text.mbedtls_psa_random_free
                0x0000000020493e90       0x26 ../../lib/mbedtls/library/psa_crypto.o
 .text.mbedtls_psa_random_seed
                0x0000000020493eb6       0x38 ../../lib/mbedtls/library/psa_crypto.o
 .text.psa_generate_random
                0x0000000020493eee       0x4a ../../lib/mbedtls/library/psa_crypto.o
                0x0000000020493eee                psa_generate_random
 .text.mbedtls_psa_crypto_free
                0x0000000020493f38       0xd4 ../../lib/mbedtls/library/psa_crypto.o
                0x0000000020493f38                mbedtls_psa_crypto_free
 .text.mbedtls_psa_crypto_init_subsystem
                0x000000002049400c      0x166 ../../lib/mbedtls/library/psa_crypto.o
 .text.psa_crypto_init
                0x0000000020494172       0x54 ../../lib/mbedtls/library/psa_crypto.o
                0x0000000020494172                psa_crypto_init
 .text.psa_crypto_copy_input
                0x00000000204941c6       0x32 ../../lib/mbedtls/library/psa_crypto.o
 .text.psa_crypto_copy_output
                0x00000000204941f8       0x32 ../../lib/mbedtls/library/psa_crypto.o
 .text.psa_crypto_local_input_alloc
                0x000000002049422a       0x80 ../../lib/mbedtls/library/psa_crypto.o
                0x000000002049422a                psa_crypto_local_input_alloc
 .text.psa_crypto_local_input_free
                0x00000000204942aa       0x24 ../../lib/mbedtls/library/psa_crypto.o
                0x00000000204942aa                psa_crypto_local_input_free
 .text.psa_crypto_local_output_alloc
                0x00000000204942ce       0x56 ../../lib/mbedtls/library/psa_crypto.o
                0x00000000204942ce                psa_crypto_local_output_alloc
 .text.psa_crypto_local_output_free
                0x0000000020494324       0x64 ../../lib/mbedtls/library/psa_crypto.o
                0x0000000020494324                psa_crypto_local_output_free
 .text.mbedtls_cipher_validate_values
                0x0000000020494388      0x13c ../../lib/mbedtls/library/psa_crypto_cipher.o
 .text.mbedtls_cipher_values_from_psa
                0x00000000204944c4      0x1c2 ../../lib/mbedtls/library/psa_crypto_cipher.o
                0x00000000204944c4                mbedtls_cipher_values_from_psa
 .text.mbedtls_cipher_info_from_psa
                0x0000000020494686       0x52 ../../lib/mbedtls/library/psa_crypto_cipher.o
                0x0000000020494686                mbedtls_cipher_info_from_psa
 .text.check_ecc_parameters
                0x00000000204946d8      0x12e ../../lib/mbedtls/library/psa_crypto_ecp.o
 .text.mbedtls_psa_ecp_load_representation
                0x0000000020494806      0x1c8 ../../lib/mbedtls/library/psa_crypto_ecp.o
                0x0000000020494806                mbedtls_psa_ecp_load_representation
 .text.mbedtls_psa_ecp_import_key
                0x00000000204949ce       0xa8 ../../lib/mbedtls/library/psa_crypto_ecp.o
                0x00000000204949ce                mbedtls_psa_ecp_import_key
 .text.mbedtls_psa_ecp_export_key
                0x0000000020494a76       0xb4 ../../lib/mbedtls/library/psa_crypto_ecp.o
                0x0000000020494a76                mbedtls_psa_ecp_export_key
 .text.mbedtls_psa_hash_abort
                0x0000000020494b2a       0x94 ../../lib/mbedtls/library/psa_crypto_hash.o
                0x0000000020494b2a                mbedtls_psa_hash_abort
 .text.mbedtls_psa_hash_setup
                0x0000000020494bbe      0x14a ../../lib/mbedtls/library/psa_crypto_hash.o
                0x0000000020494bbe                mbedtls_psa_hash_setup
 .text.mbedtls_psa_hash_update
                0x0000000020494d08       0xa4 ../../lib/mbedtls/library/psa_crypto_hash.o
                0x0000000020494d08                mbedtls_psa_hash_update
 .text.mbedtls_psa_hash_finish
                0x0000000020494dac      0x24e ../../lib/mbedtls/library/psa_crypto_hash.o
                0x0000000020494dac                mbedtls_psa_hash_finish
 .text.mbedtls_psa_hash_compute
                0x0000000020494ffa       0xa2 ../../lib/mbedtls/library/psa_crypto_hash.o
                0x0000000020494ffa                mbedtls_psa_hash_compute
 .text.psa_get_key_type
                0x000000002049509c       0x10 ../../lib/mbedtls/library/psa_crypto_mac.o
 .text.psa_get_key_bits
                0x00000000204950ac       0x10 ../../lib/mbedtls/library/psa_crypto_mac.o
 .text.psa_hmac_abort_internal
                0x00000000204950bc       0x2a ../../lib/mbedtls/library/psa_crypto_mac.o
 .text.psa_hmac_setup_internal
                0x00000000204950e6      0x424 ../../lib/mbedtls/library/psa_crypto_mac.o
 .text.psa_hmac_update_internal
                0x000000002049550a       0x22 ../../lib/mbedtls/library/psa_crypto_mac.o
 .text.psa_hmac_finish_internal
                0x000000002049552c      0x232 ../../lib/mbedtls/library/psa_crypto_mac.o
 .text.cmac_setup
                0x000000002049575e       0xbe ../../lib/mbedtls/library/psa_crypto_mac.o
 .text.mac_init
                0x000000002049581c       0x76 ../../lib/mbedtls/library/psa_crypto_mac.o
 .text.mbedtls_psa_mac_abort
                0x0000000020495892       0x74 ../../lib/mbedtls/library/psa_crypto_mac.o
                0x0000000020495892                mbedtls_psa_mac_abort
 .text.psa_mac_setup
                0x0000000020495906       0xa0 ../../lib/mbedtls/library/psa_crypto_mac.o
 .text.mbedtls_psa_mac_sign_setup
                0x00000000204959a6       0x26 ../../lib/mbedtls/library/psa_crypto_mac.o
                0x00000000204959a6                mbedtls_psa_mac_sign_setup
 .text.mbedtls_psa_mac_verify_setup
                0x00000000204959cc       0x26 ../../lib/mbedtls/library/psa_crypto_mac.o
                0x00000000204959cc                mbedtls_psa_mac_verify_setup
 .text.mbedtls_psa_mac_update
                0x00000000204959f2       0x78 ../../lib/mbedtls/library/psa_crypto_mac.o
                0x00000000204959f2                mbedtls_psa_mac_update
 .text.psa_mac_finish_internal
                0x0000000020495a6a       0x86 ../../lib/mbedtls/library/psa_crypto_mac.o
 .text.mbedtls_psa_mac_sign_finish
                0x0000000020495af0       0x3e ../../lib/mbedtls/library/psa_crypto_mac.o
                0x0000000020495af0                mbedtls_psa_mac_sign_finish
 .text.mbedtls_svc_key_id_equal
                0x0000000020495b2e       0x1c ../../lib/mbedtls/library/psa_crypto_slot_management.o
 .text.psa_key_slot_has_readers
                0x0000000020495b4a       0x16 ../../lib/mbedtls/library/psa_crypto_slot_management.o
 .text.psa_key_id_is_volatile
                0x0000000020495b60       0x24 ../../lib/mbedtls/library/psa_crypto_slot_management.o
 .text.psa_key_slot_state_transition
                0x0000000020495b84       0x26 ../../lib/mbedtls/library/psa_crypto_slot_management.o
 .text.psa_register_read
                0x0000000020495baa       0x32 ../../lib/mbedtls/library/psa_crypto_slot_management.o
 .text.psa_key_lifetime_is_external
                0x0000000020495bdc       0x16 ../../lib/mbedtls/library/psa_crypto_slot_management.o
 .text.psa_get_key_slots_initialized
                0x0000000020495bf2       0x1c ../../lib/mbedtls/library/psa_crypto_slot_management.o
 .text.psa_is_valid_key_id
                0x0000000020495c0e       0x3c ../../lib/mbedtls/library/psa_crypto_slot_management.o
                0x0000000020495c0e                psa_is_valid_key_id
 .text.psa_get_and_lock_key_slot_in_memory
                0x0000000020495c4a       0xee ../../lib/mbedtls/library/psa_crypto_slot_management.o
 .text.psa_initialize_key_slots
                0x0000000020495d38       0x14 ../../lib/mbedtls/library/psa_crypto_slot_management.o
                0x0000000020495d38                psa_initialize_key_slots
 .text.psa_wipe_all_key_slots
                0x0000000020495d4c       0x52 ../../lib/mbedtls/library/psa_crypto_slot_management.o
                0x0000000020495d4c                psa_wipe_all_key_slots
 .text.psa_reserve_free_key_slot
                0x0000000020495d9e      0x10c ../../lib/mbedtls/library/psa_crypto_slot_management.o
                0x0000000020495d9e                psa_reserve_free_key_slot
 .text.psa_get_and_lock_key_slot
                0x0000000020495eaa       0x4a ../../lib/mbedtls/library/psa_crypto_slot_management.o
                0x0000000020495eaa                psa_get_and_lock_key_slot
 .text.psa_unregister_read
                0x0000000020495ef4       0x6c ../../lib/mbedtls/library/psa_crypto_slot_management.o
                0x0000000020495ef4                psa_unregister_read
 .text.psa_unregister_read_under_mutex
                0x0000000020495f60       0x1e ../../lib/mbedtls/library/psa_crypto_slot_management.o
                0x0000000020495f60                psa_unregister_read_under_mutex
 .text.psa_validate_key_location
                0x0000000020495f7e       0x20 ../../lib/mbedtls/library/psa_crypto_slot_management.o
                0x0000000020495f7e                psa_validate_key_location
 .text.psa_validate_key_persistence
                0x0000000020495f9e       0x1a ../../lib/mbedtls/library/psa_crypto_slot_management.o
                0x0000000020495f9e                psa_validate_key_persistence
 .text.mbedtls_ecc_group_from_psa
                0x0000000020495fb8       0x80 ../../lib/mbedtls/library/psa_util.o
                0x0000000020495fb8                mbedtls_ecc_group_from_psa
 .text.mbedtls_psa_get_random
                0x0000000020496038       0x28 ../../lib/mbedtls/library/psa_util.o
                0x0000000020496038                mbedtls_psa_get_random
 .text.mbedtls_sha256_init
                0x0000000020496060       0x1a ../../lib/mbedtls/library/sha256.o
                0x0000000020496060                mbedtls_sha256_init
 .text.mbedtls_sha256_free
                0x000000002049607a       0x1e ../../lib/mbedtls/library/sha256.o
                0x000000002049607a                mbedtls_sha256_free
 .text.mbedtls_sha256_starts
                0x0000000020496098       0xf8 ../../lib/mbedtls/library/sha256.o
                0x0000000020496098                mbedtls_sha256_starts
 .text.mbedtls_internal_sha256_process
                0x0000000020496190      0x31a ../../lib/mbedtls/library/sha256.o
                0x0000000020496190                mbedtls_internal_sha256_process
 .text.mbedtls_internal_sha256_process_many
                0x00000000204964aa       0x4a ../../lib/mbedtls/library/sha256.o
 .text.mbedtls_sha256_update
                0x00000000204964f4       0xf2 ../../lib/mbedtls/library/sha256.o
                0x00000000204964f4                mbedtls_sha256_update
 .text.mbedtls_sha256_finish
                0x00000000204965e6      0x4ec ../../lib/mbedtls/library/sha256.o
                0x00000000204965e6                mbedtls_sha256_finish
 .text.mbedtls_sha256
                0x0000000020496ad2       0x74 ../../lib/mbedtls/library/sha256.o
                0x0000000020496ad2                mbedtls_sha256
 .text.keccak_f1600
                0x0000000020496b46     0x1b5c ../../lib/mbedtls/library/sha3.o
 .text.mbedtls_sha3_init
                0x00000000204986a2       0x1a ../../lib/mbedtls/library/sha3.o
                0x00000000204986a2                mbedtls_sha3_init
 .text.mbedtls_sha3_free
                0x00000000204986bc       0x1e ../../lib/mbedtls/library/sha3.o
                0x00000000204986bc                mbedtls_sha3_free
 .text.mbedtls_sha3_starts
                0x00000000204986da       0xb4 ../../lib/mbedtls/library/sha3.o
                0x00000000204986da                mbedtls_sha3_starts
 .text.mbedtls_sha3_update
                0x000000002049878e      0x2ac ../../lib/mbedtls/library/sha3.o
                0x000000002049878e                mbedtls_sha3_update
 .text.mbedtls_sha3_finish
                0x0000000020498a3a      0x1c6 ../../lib/mbedtls/library/sha3.o
                0x0000000020498a3a                mbedtls_sha3_finish
 .text.mbedtls_sha3
                0x0000000020498c00       0x6a ../../lib/mbedtls/library/sha3.o
                0x0000000020498c00                mbedtls_sha3
 .text.sha512_put_uint64_be
                0x0000000020498c6a       0xd4 ../../lib/mbedtls/library/sha512.o
 .text.mbedtls_sha512_init
                0x0000000020498d3e       0x1a ../../lib/mbedtls/library/sha512.o
                0x0000000020498d3e                mbedtls_sha512_init
 .text.mbedtls_sha512_free
                0x0000000020498d58       0x1e ../../lib/mbedtls/library/sha512.o
                0x0000000020498d58                mbedtls_sha512_free
 .text.mbedtls_sha512_starts
                0x0000000020498d76      0x15e ../../lib/mbedtls/library/sha512.o
                0x0000000020498d76                mbedtls_sha512_starts
 .text.mbedtls_internal_sha512_process
                0x0000000020498ed4      0x746 ../../lib/mbedtls/library/sha512.o
                0x0000000020498ed4                mbedtls_internal_sha512_process
 .text.mbedtls_internal_sha512_process_many
                0x000000002049961a       0x4a ../../lib/mbedtls/library/sha512.o
 .text.mbedtls_sha512_update
                0x0000000020499664      0x14e ../../lib/mbedtls/library/sha512.o
                0x0000000020499664                mbedtls_sha512_update
 .text.mbedtls_sha512_finish
                0x00000000204997b2      0x1f4 ../../lib/mbedtls/library/sha512.o
                0x00000000204997b2                mbedtls_sha512_finish
 .text.mbedtls_sha512
                0x00000000204999a6       0x74 ../../lib/mbedtls/library/sha512.o
                0x00000000204999a6                mbedtls_sha512
 .text.go_to_normal
                0x0000000020499a1a       0x1a main.o
                0x0000000020499a1a                go_to_normal
 .text.main     0x0000000020499a34       0x1e main.o
                0x0000000020499a34                main
 .text.call_TA  0x0000000020499a52      0x314 main.o
                0x0000000020499a52                call_TA
 .text.mei_handler
                0x0000000020499d66       0x8a main.o
                0x0000000020499d66                mei_handler
 .text.exception_handler
                0x0000000020499df0       0xb4 main.o
                0x0000000020499df0                exception_handler
 .text.msi_handler
                0x0000000020499ea4        0x6 main.o
                0x0000000020499ea4                msi_handler
 .text.systick_handler
                0x0000000020499eaa        0x6 main.o
                0x0000000020499eaa                systick_handler
 .text._close   0x0000000020499eb0        0xc newlib.o
                0x0000000020499eb0                _close
 .text._fstat   0x0000000020499ebc       0x14 newlib.o
                0x0000000020499ebc                _fstat
 .text._sbrk    0x0000000020499ed0       0x4e newlib.o
                0x0000000020499ed0                _sbrk
 .text._isatty  0x0000000020499f1e       0x24 newlib.o
                0x0000000020499f1e                _isatty
 .text._lseek   0x0000000020499f42       0x10 newlib.o
                0x0000000020499f42                _lseek
 .text._read    0x0000000020499f52       0x46 newlib.o
                0x0000000020499f52                _read
 .text._putchar
                0x0000000020499f98       0x42 newlib.o
                0x0000000020499f98                _putchar
 .text._write   0x0000000020499fda       0x3a newlib.o
                0x0000000020499fda                _write
 .text.print_uint8
                0x000000002049a014       0x40 ta/bip32.o
 .text.hdnode_from_seed
                0x000000002049a054      0x12a ta/bip32.o
                0x000000002049a054                hdnode_from_seed
 .text.hdnode_private_ckd
                0x000000002049a17e      0x1d8 ta/bip32.o
                0x000000002049a17e                hdnode_private_ckd
 .text.hdnode_public_ckd
                0x000000002049a356       0xc4 ta/bip32.o
                0x000000002049a356                hdnode_public_ckd
 .text.get_random_mnemonic
                0x000000002049a41a      0x308 ta/bip39.o
                0x000000002049a41a                get_random_mnemonic
 .text.from_mnemonic_to_seed
                0x000000002049a722       0xd2 ta/bip39.o
                0x000000002049a722                from_mnemonic_to_seed
 .text.TA_CreateEntryPoint
                0x000000002049a7f4        0x6 ta/bitcoin_wallet_ta.o
                0x000000002049a7f4                TA_CreateEntryPoint
 .text.TA_DestroyEntryPoint
                0x000000002049a7fa        0x4 ta/bitcoin_wallet_ta.o
                0x000000002049a7fa                TA_DestroyEntryPoint
 .text.TA_OpenSessionEntryPoint
                0x000000002049a7fe       0x20 ta/bitcoin_wallet_ta.o
                0x000000002049a7fe                TA_OpenSessionEntryPoint
 .text.TA_CloseSessionEntryPoint
                0x000000002049a81e        0xa ta/bitcoin_wallet_ta.o
                0x000000002049a81e                TA_CloseSessionEntryPoint
 .text.TA_InvokeCommandEntryPoint
                0x000000002049a828       0x66 ta/bitcoin_wallet_ta.o
                0x000000002049a828                TA_InvokeCommandEntryPoint
 .text.check_masterkey
                0x000000002049a88e       0x7e ta/bitcoin_wallet_ta.o
 .text.generate_new_masterkey
                0x000000002049a90c       0x76 ta/bitcoin_wallet_ta.o
 .text.mnemonic_to_masterkey
                0x000000002049a982       0x5e ta/bitcoin_wallet_ta.o
 .text.erase_masterkey
                0x000000002049a9e0       0x82 ta/bitcoin_wallet_ta.o
 .text.sign_transaction
                0x000000002049aa62       0x8e ta/bitcoin_wallet_ta.o
 .text.get_child_privatekey
                0x000000002049aaf0       0x8e ta/bitcoin_wallet_ta.o
 .text.get_child_publickey
                0x000000002049ab7e       0x8a ta/bitcoin_wallet_ta.o
 .text.print_uint8
                0x000000002049ac08       0x20 ta/bitcoin_wallet_ta.o
 .text.from_mnemonic_to_masterkey
                0x000000002049ac28       0xb4 ta/bitcoin_wallet_ta.o
 .text.sign_raw_tx
                0x000000002049acdc      0x168 ta/bitcoin_wallet_ta.o
 .text.read_be  0x000000002049ae44       0x36 ta/crypto/bignum.o
                0x000000002049ae44                read_be
 .text.write_be
                0x000000002049ae7a       0x4c ta/crypto/bignum.o
                0x000000002049ae7a                write_be
 .text.bn_read_be
                0x000000002049aec6       0x78 ta/crypto/bignum.o
                0x000000002049aec6                bn_read_be
 .text.bn_write_be
                0x000000002049af3e       0x72 ta/crypto/bignum.o
                0x000000002049af3e                bn_write_be
 .text.bn_zero  0x000000002049afb0       0x2a ta/crypto/bignum.o
                0x000000002049afb0                bn_zero
 .text.bn_is_zero
                0x000000002049afda       0x38 ta/crypto/bignum.o
                0x000000002049afda                bn_is_zero
 .text.bn_is_less
                0x000000002049b012       0x76 ta/crypto/bignum.o
                0x000000002049b012                bn_is_less
 .text.bn_is_equal
                0x000000002049b088       0x46 ta/crypto/bignum.o
                0x000000002049b088                bn_is_equal
 .text.bn_cmov  0x000000002049b0ce       0x88 ta/crypto/bignum.o
                0x000000002049b0ce                bn_cmov
 .text.bn_lshift
                0x000000002049b156       0x62 ta/crypto/bignum.o
                0x000000002049b156                bn_lshift
 .text.bn_mult_half
                0x000000002049b1b8       0x98 ta/crypto/bignum.o
                0x000000002049b1b8                bn_mult_half
 .text.bn_mult_k
                0x000000002049b250       0x4a ta/crypto/bignum.o
                0x000000002049b250                bn_mult_k
 .text.bn_mod   0x000000002049b29a       0x34 ta/crypto/bignum.o
                0x000000002049b29a                bn_mod
 .text.bn_multiply_long
                0x000000002049b2ce      0x184 ta/crypto/bignum.o
                0x000000002049b2ce                bn_multiply_long
 .text.bn_multiply_reduce_step
                0x000000002049b452      0x274 ta/crypto/bignum.o
                0x000000002049b452                bn_multiply_reduce_step
 .text.bn_multiply_reduce
                0x000000002049b6c6       0x88 ta/crypto/bignum.o
                0x000000002049b6c6                bn_multiply_reduce
 .text.bn_multiply
                0x000000002049b74e       0x46 ta/crypto/bignum.o
                0x000000002049b74e                bn_multiply
 .text.bn_fast_mod
                0x000000002049b794      0x16e ta/crypto/bignum.o
                0x000000002049b794                bn_fast_mod
 .text.bn_inverse
                0x000000002049b902      0xe48 ta/crypto/bignum.o
                0x000000002049b902                bn_inverse
 .text.bn_add   0x000000002049c74a       0x58 ta/crypto/bignum.o
                0x000000002049c74a                bn_add
 .text.bn_addmod
                0x000000002049c7a2       0x4c ta/crypto/bignum.o
                0x000000002049c7a2                bn_addmod
 .text.bn_subi  0x000000002049c7ee       0x4c ta/crypto/bignum.o
                0x000000002049c7ee                bn_subi
 .text.bn_subtractmod
                0x000000002049c83a       0x74 ta/crypto/bignum.o
                0x000000002049c83a                bn_subtractmod
 .text.bn_subtract
                0x000000002049c8ae       0x64 ta/crypto/bignum.o
                0x000000002049c8ae                bn_subtract
 .text.point_copy
                0x000000002049c912       0x24 ta/crypto/ecdsa.o
                0x000000002049c912                point_copy
 .text.point_add
                0x000000002049c936      0x1d6 ta/crypto/ecdsa.o
                0x000000002049c936                point_add
 .text.point_double
                0x000000002049cb0c      0x224 ta/crypto/ecdsa.o
                0x000000002049cb0c                point_double
 .text.point_set_infinity
                0x000000002049cd30       0x22 ta/crypto/ecdsa.o
                0x000000002049cd30                point_set_infinity
 .text.point_is_infinity
                0x000000002049cd52       0x30 ta/crypto/ecdsa.o
                0x000000002049cd52                point_is_infinity
 .text.point_is_equal
                0x000000002049cd82       0x3e ta/crypto/ecdsa.o
                0x000000002049cd82                point_is_equal
 .text.point_is_negative_of
                0x000000002049cdc0       0x56 ta/crypto/ecdsa.o
                0x000000002049cdc0                point_is_negative_of
 .text.conditional_negate
                0x000000002049ce16      0x12e ta/crypto/ecdsa.o
                0x000000002049ce16                conditional_negate
 .text.generate_k_random
                0x000000002049cf44       0x6e ta/crypto/ecdsa.o
 .text.curve_to_jacobian
                0x000000002049cfb2       0xdc ta/crypto/ecdsa.o
                0x000000002049cfb2                curve_to_jacobian
 .text.jacobian_to_curve
                0x000000002049d08e       0xec ta/crypto/ecdsa.o
                0x000000002049d08e                jacobian_to_curve
 .text.point_jacobian_add
                0x000000002049d17a      0x3f6 ta/crypto/ecdsa.o
                0x000000002049d17a                point_jacobian_add
 .text.point_jacobian_double
                0x000000002049d570      0x280 ta/crypto/ecdsa.o
                0x000000002049d570                point_jacobian_double
 .text.point_multiply
                0x000000002049d7f0      0x3e2 ta/crypto/ecdsa.o
                0x000000002049d7f0                point_multiply
 .text.scalar_multiply
                0x000000002049dbd2       0x24 ta/crypto/ecdsa.o
                0x000000002049dbd2                scalar_multiply
 .text.ecdsa_get_public_key65
                0x000000002049dbf6       0x6a ta/crypto/ecdsa.o
                0x000000002049dbf6                ecdsa_get_public_key65
 .text.hmac_sha512_prepare
                0x000000002049dc60      0x226 ta/crypto/hmac.o
                0x000000002049dc60                hmac_sha512_prepare
 .text.memzero  0x000000002049de86       0x1a ta/crypto/memzero.o
                0x000000002049de86                memzero
 .text.pbkdf2_hmac_sha512_Init
                0x000000002049dea0      0x2cc ta/crypto/pbkdf2.o
                0x000000002049dea0                pbkdf2_hmac_sha512_Init
 .text.pbkdf2_hmac_sha512_Update
                0x000000002049e16c       0xae ta/crypto/pbkdf2.o
                0x000000002049e16c                pbkdf2_hmac_sha512_Update
 .text.pbkdf2_hmac_sha512_Final
                0x000000002049e21a      0x138 ta/crypto/pbkdf2.o
                0x000000002049e21a                pbkdf2_hmac_sha512_Final
 .text.sha256_Init
                0x000000002049e352       0x42 ta/crypto/sha2.o
                0x000000002049e352                sha256_Init
 .text.sha256_Transform
                0x000000002049e394      0x352 ta/crypto/sha2.o
                0x000000002049e394                sha256_Transform
 .text.sha256_Update
                0x000000002049e6e6      0x27c ta/crypto/sha2.o
                0x000000002049e6e6                sha256_Update
 .text.sha256_Final
                0x000000002049e962      0x202 ta/crypto/sha2.o
                0x000000002049e962                sha256_Final
 .text.sha256_Raw
                0x000000002049eb64       0x30 ta/crypto/sha2.o
                0x000000002049eb64                sha256_Raw
 .text.sha512_Init
                0x000000002049eb94       0x4e ta/crypto/sha2.o