
Allocating common symbols
Common symbol       size              file

memory_list         0x100             /home/luis/Github/utango-bw_two_worlds/build/test_board/core/init.o
WCB                 0x310             /home/luis/Github/utango-bw_two_worlds/build/test_board/arch/rv32imc/plic.o
rworld_ctx_ptr      0x4               /home/luis/Github/utango-bw_two_worlds/build/test_board/arch/rv32imc/plic.o
mtimecmp_list       0x18              /home/luis/Github/utango-bw_two_worlds/build/test_board/arch/rv32imc/plic.o

Memory Configuration

Name             Origin             Length             Attributes
FLASH            0x0000000020400000 0x0000000020000000 xr
DTCM             0x0000000080000000 0x0000000000004000 rw
WORLD1           0x0000000020410000 0x0000000000004000 xr
WORLD2           0x0000000020480000 0x0000000000040000 xr
WORLD3           0x0000000020484000 0x0000000000004000 xr
WORLD4           0x0000000020488000 0x0000000000004000 xr
*default*        0x0000000000000000 0xffffffffffffffff

Linker script and memory map

LOAD /home/luis/Github/utango-bw_two_worlds/build/test_board/arch/rv32imc/boot.o
LOAD /home/luis/Github/utango-bw_two_worlds/build/test_board/arch/rv32imc/vector_table.o
LOAD /home/luis/Github/utango-bw_two_worlds/build/test_board/arch/rv32imc/exception_handlers.o
LOAD /home/luis/Github/utango-bw_two_worlds/build/test_board/arch/rv32imc/plic.o
LOAD /home/luis/Github/utango-bw_two_worlds/build/test_board/arch/rv32imc/cpu_init.o
LOAD /home/luis/Github/utango-bw_two_worlds/build/test_board/arch/rv32imc/systick.o
LOAD /home/luis/Github/utango-bw_two_worlds/build/test_board/arch/rv32imc/pmp.o
LOAD /home/luis/Github/utango-bw_two_worlds/build/test_board/core/init.o
LOAD /home/luis/Github/utango-bw_two_worlds/build/test_board/core/utango.o
LOAD /home/luis/Github/utango-bw_two_worlds/build/test_board/core/worlds.o
LOAD /home/luis/Github/utango-bw_two_worlds/build/test_board/core/sys_timer.o
LOAD /home/luis/Github/utango-bw_two_worlds/build/test_board/core/mem.o
LOAD /home/luis/Github/utango-bw_two_worlds/build/test_board/core/dev.o
LOAD /home/luis/Github/utango-bw_two_worlds/build/test_board/lib/utils_io.o
LOAD /home/luis/Github/utango-bw_two_worlds/build/test_board/platform/test_board/platform_config.o
LOAD /home/luis/Github/utango-bw_two_worlds/build/test_board/config/config.o
LOAD /home/luis/rv32_toolchain/bin/../lib/gcc/riscv32-unknown-elf/12.1.0/libgcc.a
                0x0000000020410000                __FLASH_BASE_W1 = 0x20410000
                0x0000000000004000                __FLASH_SIZE_W1 = 0x4000
                0x0000000080000800                __RAM_BASE_W1 = 0x80000800
                0x0000000000000c00                __RAM_SIZE_W1 = 0xc00
                0x0000000020480000                __FLASH_BASE_W2 = 0x20480000
                0x0000000000040000                __FLASH_SIZE_W2 = 0x40000
                0x0000000080001400                __RAM_BASE_W2 = 0x80001400
                0x0000000000002800                __RAM_SIZE_W2 = 0x2800
                0x0000000020484000                __FLASH_BASE_W3 = 0x20484000
                0x0000000000004000                __FLASH_SIZE_W3 = 0x4000
                0x0000000080000800                __RAM_BASE_W3 = 0x80000800
                0x0000000000000200                __RAM_SIZE_W3 = 0x200
                0x0000000020488000                __FLASH_BASE_W4 = 0x20488000
                0x0000000000004000                __FLASH_SIZE_W4 = 0x4000
                0x0000000080000600                __RAM_BASE_W4 = 0x80000600
                0x0000000000000200                __RAM_SIZE_W4 = 0x200
                0x0000000020400000                __FLASH_BASE = 0x20400000
                0x0000000020000000                __FLASH_SIZE = 0x20000000
                0x0000000080000000                __DTCM_BASE = 0x80000000
                0x0000000000004000                __DTCM_SIZE = 0x4000
                0x0000000000000400                __STACK_SIZE = 0x400
                0x0000000000000c00                __HEAP_SIZE = 0xc00

.boot           0x0000000020400000       0xc0
 *(.utango.boot)
 .utango.boot   0x0000000020400000       0x72 /home/luis/Github/utango-bw_two_worlds/build/test_board/arch/rv32imc/boot.o
                0x0000000020400000                reset_handler
                0x0000000020400080                . = ALIGN (0x40)
 *fill*         0x0000000020400072        0xe 
 *(.utango.vtb)
 .utango.vtb    0x0000000020400080       0x40 /home/luis/Github/utango-bw_two_worlds/build/test_board/arch/rv32imc/vector_table.o
                0x0000000020400080                _utango_vtb
                0x00000000204000c0                __vtb_end = .
                0x0000000000000040                __vtb_size = ABSOLUTE ((__vtb_end - _utango_vtb))
                0x00000000204000c0                __text_lma = .

.text           0x00000000204000c0     0x3124
                0x00000000204000c0                . = ALIGN (0x4)
                0x00000000204000c0                __text_start = .
 *(.text*)
 .text          0x00000000204000c0        0x0 /home/luis/Github/utango-bw_two_worlds/build/test_board/arch/rv32imc/boot.o
 .text          0x00000000204000c0        0x0 /home/luis/Github/utango-bw_two_worlds/build/test_board/arch/rv32imc/vector_table.o
 .text          0x00000000204000c0     0x25ec /home/luis/Github/utango-bw_two_worlds/build/test_board/arch/rv32imc/exception_handlers.o
                0x00000000204000c0                exception_handler
                0x0000000020401a50                msi_handler
                0x0000000020401a60                mei_handler
                0x0000000020401ae0                systick_handler
 .text          0x00000000204026ac      0x18e /home/luis/Github/utango-bw_two_worlds/build/test_board/arch/rv32imc/plic.o
                0x00000000204026ac                arch_irqs_ctx_init
 .text          0x000000002040283a       0xca /home/luis/Github/utango-bw_two_worlds/build/test_board/arch/rv32imc/cpu_init.o
                0x000000002040283a                arch_cpu_ctx_init
                0x00000000204028b0                arch_cpu_init
                0x00000000204028d4                arch_cpu_kickoff
 .text          0x0000000020402904      0x150 /home/luis/Github/utango-bw_two_worlds/build/test_board/arch/rv32imc/systick.o
                0x0000000020402904                systick_init
                0x0000000020402946                systick_enable
 .text          0x0000000020402a54      0x302 /home/luis/Github/utango-bw_two_worlds/build/test_board/arch/rv32imc/pmp.o
                0x0000000020402a54                arch_mem_unit_set
                0x0000000020402aec                arch_mem_unit_ctx_init
                0x0000000020402bfa                arch_set_PMP_region
 .text          0x0000000020402d56       0x14 /home/luis/Github/utango-bw_two_worlds/build/test_board/core/init.o
                0x0000000020402d56                init
 .text          0x0000000020402d6a       0x1a /home/luis/Github/utango-bw_two_worlds/build/test_board/core/utango.o
                0x0000000020402d6a                utango_start
 .text          0x0000000020402d84      0x160 /home/luis/Github/utango-bw_two_worlds/build/test_board/core/worlds.o
                0x0000000020402d84                worlds_init
                0x0000000020402daa                worlds_tcbs_init
                0x0000000020402ed6                worlds_arch_init
 .text          0x0000000020402ee4       0x36 /home/luis/Github/utango-bw_two_worlds/build/test_board/core/sys_timer.o
                0x0000000020402ee4                system_timer_init
                0x0000000020402ef8                system_timer_enable
                0x0000000020402f0c                system_timer_disable
 .text          0x0000000020402f1a      0x288 /home/luis/Github/utango-bw_two_worlds/build/test_board/core/mem.o
                0x0000000020402f1a                memory_list_init
                0x0000000020403112                memory_check_overlapps
                0x000000002040318a                memory_init
 .text          0x00000000204031a2        0x0 /home/luis/Github/utango-bw_two_worlds/build/test_board/core/dev.o
 .text          0x00000000204031a2        0x0 /home/luis/Github/utango-bw_two_worlds/build/test_board/lib/utils_io.o
 .text          0x00000000204031a2        0x0 /home/luis/Github/utango-bw_two_worlds/build/test_board/platform/test_board/platform_config.o
 .text          0x00000000204031a2        0x0 /home/luis/Github/utango-bw_two_worlds/build/test_board/config/config.o
 *(.rodata*)
 *fill*         0x00000000204031a2        0x2 
 .rodata        0x00000000204031a4       0x40 /home/luis/Github/utango-bw_two_worlds/build/test_board/arch/rv32imc/pmp.o
 *(.eh_frame*)
                0x00000000204031e4                . = ALIGN (0x4)
                0x00000000204031e4                __text_end = .
                0x00000000204031e4                __data_vma_start = LOADADDR (.data)

.data           0x0000000080000000      0x160 load address 0x00000000204031e4
                0x0000000080000000                . = ALIGN (0x4)
                0x0000000080000000                __data_start = .
 *(.data*)
 .data          0x0000000080000000        0x0 /home/luis/Github/utango-bw_two_worlds/build/test_board/arch/rv32imc/boot.o
 .data          0x0000000080000000        0x0 /home/luis/Github/utango-bw_two_worlds/build/test_board/arch/rv32imc/vector_table.o
 .data          0x0000000080000000        0x0 /home/luis/Github/utango-bw_two_worlds/build/test_board/arch/rv32imc/exception_handlers.o
 .data          0x0000000080000000        0x0 /home/luis/Github/utango-bw_two_worlds/build/test_board/arch/rv32imc/plic.o
 .data          0x0000000080000000        0x0 /home/luis/Github/utango-bw_two_worlds/build/test_board/arch/rv32imc/cpu_init.o
 .data          0x0000000080000000        0x0 /home/luis/Github/utango-bw_two_worlds/build/test_board/arch/rv32imc/systick.o
 .data          0x0000000080000000        0x0 /home/luis/Github/utango-bw_two_worlds/build/test_board/arch/rv32imc/pmp.o
 .data          0x0000000080000000        0x0 /home/luis/Github/utango-bw_two_worlds/build/test_board/core/init.o
 .data          0x0000000080000000        0x0 /home/luis/Github/utango-bw_two_worlds/build/test_board/core/utango.o
 .data          0x0000000080000000        0x0 /home/luis/Github/utango-bw_two_worlds/build/test_board/core/worlds.o
 .data          0x0000000080000000        0x0 /home/luis/Github/utango-bw_two_worlds/build/test_board/core/sys_timer.o
 .data          0x0000000080000000        0x0 /home/luis/Github/utango-bw_two_worlds/build/test_board/core/mem.o
 .data          0x0000000080000000        0x0 /home/luis/Github/utango-bw_two_worlds/build/test_board/core/dev.o
 .data          0x0000000080000000        0x0 /home/luis/Github/utango-bw_two_worlds/build/test_board/lib/utils_io.o
 .data          0x0000000080000000        0x0 /home/luis/Github/utango-bw_two_worlds/build/test_board/platform/test_board/platform_config.o
 .data          0x0000000080000000       0xb8 /home/luis/Github/utango-bw_two_worlds/build/test_board/config/config.o
                0x0000000080000070                worlds_cfg
 *(.utango.stack*)
 *fill*         0x00000000800000b8        0x8 
 .utango.stack  0x00000000800000c0       0x14 /home/luis/Github/utango-bw_two_worlds/build/test_board/arch/rv32imc/boot.o
                0x00000000800000c0                register_ctx
 *fill*         0x00000000800000d4        0xc 
 .utango.stack  0x00000000800000e0       0x80 /home/luis/Github/utango-bw_two_worlds/build/test_board/arch/rv32imc/exception_handlers.o
                0x00000000800000e0                next_mtimer_interrupt_is_world
                0x00000000800000f0                secure_world_request
                0x0000000080000100                secure_call
                0x0000000080000110                secure_cmd
                0x0000000080000120                exit_secure_world_request
                0x0000000080000130                next_mtime_cmp
                0x0000000080000140                timer_incr
                0x0000000080000150                perf_cont
                0x0000000080000160                . = ALIGN (0x4)

.sdata          0x0000000080000160       0x14 load address 0x0000000020403344
 *(.sdata*)
 .sdata         0x0000000080000160       0x14 /home/luis/Github/utango-bw_two_worlds/build/test_board/config/config.o
                0x0000000080000174                __data_end = .

.bss            0x0000000080000178      0x42c
                0x0000000080000178                . = ALIGN (0x4)
                0x0000000080000178                __bss_start__ = .
 *(.bss*)
 .bss           0x0000000080000178        0x0 /home/luis/Github/utango-bw_two_worlds/build/test_board/arch/rv32imc/boot.o
 .bss           0x0000000080000178        0x0 /home/luis/Github/utango-bw_two_worlds/build/test_board/arch/rv32imc/vector_table.o
 .bss           0x0000000080000178        0x0 /home/luis/Github/utango-bw_two_worlds/build/test_board/arch/rv32imc/exception_handlers.o
 .bss           0x0000000080000178        0x0 /home/luis/Github/utango-bw_two_worlds/build/test_board/arch/rv32imc/plic.o
 .bss           0x0000000080000178        0x0 /home/luis/Github/utango-bw_two_worlds/build/test_board/arch/rv32imc/cpu_init.o
 .bss           0x0000000080000178        0x0 /home/luis/Github/utango-bw_two_worlds/build/test_board/arch/rv32imc/systick.o
 .bss           0x0000000080000178        0x0 /home/luis/Github/utango-bw_two_worlds/build/test_board/arch/rv32imc/pmp.o
 .bss           0x0000000080000178        0x0 /home/luis/Github/utango-bw_two_worlds/build/test_board/core/init.o
 .bss           0x0000000080000178        0x0 /home/luis/Github/utango-bw_two_worlds/build/test_board/core/utango.o
 .bss           0x0000000080000178        0x0 /home/luis/Github/utango-bw_two_worlds/build/test_board/core/worlds.o
 .bss           0x0000000080000178        0x0 /home/luis/Github/utango-bw_two_worlds/build/test_board/core/sys_timer.o
 .bss           0x0000000080000178        0x0 /home/luis/Github/utango-bw_two_worlds/build/test_board/core/mem.o
 .bss           0x0000000080000178        0x0 /home/luis/Github/utango-bw_two_worlds/build/test_board/core/dev.o
 .bss           0x0000000080000178        0x0 /home/luis/Github/utango-bw_two_worlds/build/test_board/lib/utils_io.o
 .bss           0x0000000080000178        0x0 /home/luis/Github/utango-bw_two_worlds/build/test_board/platform/test_board/platform_config.o
 .bss           0x0000000080000178        0x0 /home/luis/Github/utango-bw_two_worlds/build/test_board/config/config.o
 *(COMMON)
 COMMON         0x0000000080000178      0x32c /home/luis/Github/utango-bw_two_worlds/build/test_board/arch/rv32imc/plic.o
                0x0000000080000178                WCB
                0x0000000080000488                rworld_ctx_ptr
                0x000000008000048c                mtimecmp_list
 COMMON         0x00000000800004a4      0x100 /home/luis/Github/utango-bw_two_worlds/build/test_board/core/init.o
                0x00000000800004a4                memory_list
                0x00000000800005a4                . = ALIGN (0x4)
                0x00000000800005a4                __bss_end__ = .

.sbss           0x00000000800005a8        0x8
 .sbss          0x00000000800005a8        0x8 /home/luis/Github/utango-bw_two_worlds/build/test_board/arch/rv32imc/systick.o
                0x00000000800005a8                TimerIncrement

.world1         0x0000000020410000     0x29ac
 *(.world1*)
 .world1        0x0000000020410000     0x29ac /home/luis/Github/utango-bw_two_worlds/build/test_board/config/config.o
                0x0000000020410000                _world1_start

.world2         0x0000000020480000    0x39490
 *(.world2*)
 .world2        0x0000000020480000    0x39490 /home/luis/Github/utango-bw_two_worlds/build/test_board/config/config.o
                0x0000000020480000                _world2_start

.rela.dyn       0x00000000204b9490        0x0
 .rela.utango.boot
                0x00000000204b9490        0x0 /home/luis/Github/utango-bw_two_worlds/build/test_board/arch/rv32imc/boot.o
 .rela.text     0x00000000204b9490        0x0 /home/luis/Github/utango-bw_two_worlds/build/test_board/arch/rv32imc/boot.o

.world3
 *(.world3*)

.world4
 *(.world4*)

.stack          0x0000000080003c00      0x400 load address 0x00000000800005b0
                0x0000000080003c00                . = ALIGN (0x8)
                0x0000000080003c00                __stack_lim = .
                0x0000000080004000                . = (. + __STACK_SIZE)
 *fill*         0x0000000080003c00      0x400 
                0x0000000080004000                . = ALIGN (0x8)
                0x0000000080004000                __stack_top = .
OUTPUT(/home/luis/Github/utango-bw_two_worlds/bin/test_board/utango-bw_two_worlds.elf elf32-littleriscv)

.riscv.attributes
                0x0000000000000000       0x2a
 .riscv.attributes
                0x0000000000000000       0x24 /home/luis/Github/utango-bw_two_worlds/build/test_board/arch/rv32imc/boot.o
 .riscv.attributes
                0x0000000000000024       0x24 /home/luis/Github/utango-bw_two_worlds/build/test_board/arch/rv32imc/vector_table.o
 .riscv.attributes
                0x0000000000000048       0x28 /home/luis/Github/utango-bw_two_worlds/build/test_board/arch/rv32imc/exception_handlers.o
 .riscv.attributes
                0x0000000000000070       0x26 /home/luis/Github/utango-bw_two_worlds/build/test_board/arch/rv32imc/plic.o
 .riscv.attributes
                0x0000000000000096       0x2a /home/luis/Github/utango-bw_two_worlds/build/test_board/arch/rv32imc/cpu_init.o
 .riscv.attributes
                0x00000000000000c0       0x2a /home/luis/Github/utango-bw_two_worlds/build/test_board/arch/rv32imc/systick.o
 .riscv.attributes
                0x00000000000000ea       0x2a /home/luis/Github/utango-bw_two_worlds/build/test_board/arch/rv32imc/pmp.o
 .riscv.attributes
                0x0000000000000114       0x26 /home/luis/Github/utango-bw_two_worlds/build/test_board/core/init.o
 .riscv.attributes
                0x000000000000013a       0x26 /home/luis/Github/utango-bw_two_worlds/build/test_board/core/utango.o
 .riscv.attributes
                0x0000000000000160       0x26 /home/luis/Github/utango-bw_two_worlds/build/test_board/core/worlds.o
 .riscv.attributes
                0x0000000000000186       0x26 /home/luis/Github/utango-bw_two_worlds/build/test_board/core/sys_timer.o
 .riscv.attributes
                0x00000000000001ac       0x26 /home/luis/Github/utango-bw_two_worlds/build/test_board/core/mem.o
 .riscv.attributes
                0x00000000000001d2       0x26 /home/luis/Github/utango-bw_two_worlds/build/test_board/core/dev.o
 .riscv.attributes
                0x00000000000001f8       0x26 /home/luis/Github/utango-bw_two_worlds/build/test_board/lib/utils_io.o
 .riscv.attributes
                0x000000000000021e       0x26 /home/luis/Github/utango-bw_two_worlds/build/test_board/platform/test_board/platform_config.o
 .riscv.attributes
                0x0000000000000244       0x26 /home/luis/Github/utango-bw_two_worlds/build/test_board/config/config.o

.comment        0x0000000000000000       0x1b
 .comment       0x0000000000000000       0x1b /home/luis/Github/utango-bw_two_worlds/build/test_board/arch/rv32imc/plic.o
                                         0x1c (size before relaxing)
 .comment       0x000000000000001b       0x1c /home/luis/Github/utango-bw_two_worlds/build/test_board/arch/rv32imc/cpu_init.o
 .comment       0x000000000000001b       0x1c /home/luis/Github/utango-bw_two_worlds/build/test_board/arch/rv32imc/systick.o
 .comment       0x000000000000001b       0x1c /home/luis/Github/utango-bw_two_worlds/build/test_board/arch/rv32imc/pmp.o
 .comment       0x000000000000001b       0x1c /home/luis/Github/utango-bw_two_worlds/build/test_board/core/init.o
 .comment       0x000000000000001b       0x1c /home/luis/Github/utango-bw_two_worlds/build/test_board/core/utango.o
 .comment       0x000000000000001b       0x1c /home/luis/Github/utango-bw_two_worlds/build/test_board/core/worlds.o
 .comment       0x000000000000001b       0x1c /home/luis/Github/utango-bw_two_worlds/build/test_board/core/sys_timer.o
 .comment       0x000000000000001b       0x1c /home/luis/Github/utango-bw_two_worlds/build/test_board/core/mem.o
 .comment       0x000000000000001b       0x1c /home/luis/Github/utango-bw_two_worlds/build/test_board/core/dev.o
 .comment       0x000000000000001b       0x1c /home/luis/Github/utango-bw_two_worlds/build/test_board/lib/utils_io.o
 .comment       0x000000000000001b       0x1c /home/luis/Github/utango-bw_two_worlds/build/test_board/platform/test_board/platform_config.o
 .comment       0x000000000000001b       0x1c /home/luis/Github/utango-bw_two_worlds/build/test_board/config/config.o

.debug_line     0x0000000000000000     0x2fdf
 .debug_line    0x0000000000000000       0xc8 /home/luis/Github/utango-bw_two_worlds/build/test_board/arch/rv32imc/boot.o
 .debug_line    0x00000000000000c8     0x2103 /home/luis/Github/utango-bw_two_worlds/build/test_board/arch/rv32imc/exception_handlers.o
 .debug_line    0x00000000000021cb      0x1be /home/luis/Github/utango-bw_two_worlds/build/test_board/arch/rv32imc/plic.o
 .debug_line    0x0000000000002389      0x103 /home/luis/Github/utango-bw_two_worlds/build/test_board/arch/rv32imc/cpu_init.o
 .debug_line    0x000000000000248c      0x127 /home/luis/Github/utango-bw_two_worlds/build/test_board/arch/rv32imc/systick.o
 .debug_line    0x00000000000025b3      0x2a8 /home/luis/Github/utango-bw_two_worlds/build/test_board/arch/rv32imc/pmp.o
 .debug_line    0x000000000000285b       0xaf /home/luis/Github/utango-bw_two_worlds/build/test_board/core/init.o
 .debug_line    0x000000000000290a       0xa5 /home/luis/Github/utango-bw_two_worlds/build/test_board/core/utango.o
 .debug_line    0x00000000000029af      0x17d /home/luis/Github/utango-bw_two_worlds/build/test_board/core/worlds.o
 .debug_line    0x0000000000002b2c       0x87 /home/luis/Github/utango-bw_two_worlds/build/test_board/core/sys_timer.o
 .debug_line    0x0000000000002bb3      0x301 /home/luis/Github/utango-bw_two_worlds/build/test_board/core/mem.o
 .debug_line    0x0000000000002eb4       0x35 /home/luis/Github/utango-bw_two_worlds/build/test_board/core/dev.o
 .debug_line    0x0000000000002ee9       0x35 /home/luis/Github/utango-bw_two_worlds/build/test_board/lib/utils_io.o
 .debug_line    0x0000000000002f1e       0x63 /home/luis/Github/utango-bw_two_worlds/build/test_board/platform/test_board/platform_config.o
 .debug_line    0x0000000000002f81       0x5e /home/luis/Github/utango-bw_two_worlds/build/test_board/config/config.o

.debug_line_str
                0x0000000000000000      0x639
 .debug_line_str
                0x0000000000000000       0x66 /home/luis/Github/utango-bw_two_worlds/build/test_board/arch/rv32imc/boot.o
 .debug_line_str
                0x0000000000000066       0x15 /home/luis/Github/utango-bw_two_worlds/build/test_board/arch/rv32imc/exception_handlers.o
                                         0x74 (size before relaxing)
 .debug_line_str
                0x000000000000007b      0x1f5 /home/luis/Github/utango-bw_two_worlds/build/test_board/arch/rv32imc/plic.o
                                        0x289 (size before relaxing)
 .debug_line_str
                0x0000000000000270       0x49 /home/luis/Github/utango-bw_two_worlds/build/test_board/arch/rv32imc/cpu_init.o
                                        0x29b (size before relaxing)
 .debug_line_str
                0x00000000000002b9       0x4c /home/luis/Github/utango-bw_two_worlds/build/test_board/arch/rv32imc/systick.o
                                        0x1b5 (size before relaxing)
 .debug_line_str
                0x0000000000000305       0x3e /home/luis/Github/utango-bw_two_worlds/build/test_board/arch/rv32imc/pmp.o
                                        0x286 (size before relaxing)
 .debug_line_str
                0x0000000000000343       0x76 /home/luis/Github/utango-bw_two_worlds/build/test_board/core/init.o
                                        0x1fc (size before relaxing)
 .debug_line_str
                0x00000000000003b9       0x39 /home/luis/Github/utango-bw_two_worlds/build/test_board/core/utango.o
                                        0x285 (size before relaxing)
 .debug_line_str
                0x00000000000003f2       0x39 /home/luis/Github/utango-bw_two_worlds/build/test_board/core/worlds.o
                                        0x285 (size before relaxing)
 .debug_line_str
                0x000000000000042b       0x3c /home/luis/Github/utango-bw_two_worlds/build/test_board/core/sys_timer.o
                                        0x118 (size before relaxing)
 .debug_line_str
                0x0000000000000467       0x36 /home/luis/Github/utango-bw_two_worlds/build/test_board/core/mem.o
                                        0x27c (size before relaxing)
 .debug_line_str
                0x000000000000049d       0x36 /home/luis/Github/utango-bw_two_worlds/build/test_board/core/dev.o
                                         0xba (size before relaxing)
 .debug_line_str
                0x00000000000004d3       0x69 /home/luis/Github/utango-bw_two_worlds/build/test_board/lib/utils_io.o
                                         0xc2 (size before relaxing)
 .debug_line_str
                0x000000000000053c       0x90 /home/luis/Github/utango-bw_two_worlds/build/test_board/platform/test_board/platform_config.o
                                        0x214 (size before relaxing)
 .debug_line_str
                0x00000000000005cc       0x6d /home/luis/Github/utango-bw_two_worlds/build/test_board/config/config.o
                                        0x1f2 (size before relaxing)

.debug_info     0x0000000000000000     0x3b61
 .debug_info    0x0000000000000000       0x24 /home/luis/Github/utango-bw_two_worlds/build/test_board/arch/rv32imc/boot.o
 .debug_info    0x0000000000000024       0x4f /home/luis/Github/utango-bw_two_worlds/build/test_board/arch/rv32imc/exception_handlers.o
 .debug_info    0x0000000000000073      0x701 /home/luis/Github/utango-bw_two_worlds/build/test_board/arch/rv32imc/plic.o
 .debug_info    0x0000000000000774      0x723 /home/luis/Github/utango-bw_two_worlds/build/test_board/arch/rv32imc/cpu_init.o
 .debug_info    0x0000000000000e97      0x184 /home/luis/Github/utango-bw_two_worlds/build/test_board/arch/rv32imc/systick.o
 .debug_info    0x000000000000101b      0x761 /home/luis/Github/utango-bw_two_worlds/build/test_board/arch/rv32imc/pmp.o
 .debug_info    0x000000000000177c      0x5cc /home/luis/Github/utango-bw_two_worlds/build/test_board/core/init.o
 .debug_info    0x0000000000001d48      0x6a4 /home/luis/Github/utango-bw_two_worlds/build/test_board/core/utango.o
 .debug_info    0x00000000000023ec      0x705 /home/luis/Github/utango-bw_two_worlds/build/test_board/core/worlds.o
 .debug_info    0x0000000000002af1       0xb2 /home/luis/Github/utango-bw_two_worlds/build/test_board/core/sys_timer.o
 .debug_info    0x0000000000002ba3      0x7d3 /home/luis/Github/utango-bw_two_worlds/build/test_board/core/mem.o
 .debug_info    0x0000000000003376       0x6c /home/luis/Github/utango-bw_two_worlds/build/test_board/core/dev.o
 .debug_info    0x00000000000033e2       0x6c /home/luis/Github/utango-bw_two_worlds/build/test_board/lib/utils_io.o
 .debug_info    0x000000000000344e      0x53f /home/luis/Github/utango-bw_two_worlds/build/test_board/platform/test_board/platform_config.o
 .debug_info    0x000000000000398d      0x1d4 /home/luis/Github/utango-bw_two_worlds/build/test_board/config/config.o

.debug_abbrev   0x0000000000000000      0xdad
 .debug_abbrev  0x0000000000000000       0x14 /home/luis/Github/utango-bw_two_worlds/build/test_board/arch/rv32imc/boot.o
 .debug_abbrev  0x0000000000000014       0x21 /home/luis/Github/utango-bw_two_worlds/build/test_board/arch/rv32imc/exception_handlers.o
 .debug_abbrev  0x0000000000000035      0x170 /home/luis/Github/utango-bw_two_worlds/build/test_board/arch/rv32imc/plic.o
 .debug_abbrev  0x00000000000001a5      0x198 /home/luis/Github/utango-bw_two_worlds/build/test_board/arch/rv32imc/cpu_init.o
 .debug_abbrev  0x000000000000033d       0xcf /home/luis/Github/utango-bw_two_worlds/build/test_board/arch/rv32imc/systick.o
 .debug_abbrev  0x000000000000040c      0x1a6 /home/luis/Github/utango-bw_two_worlds/build/test_board/arch/rv32imc/pmp.o
 .debug_abbrev  0x00000000000005b2       0xfe /home/luis/Github/utango-bw_two_worlds/build/test_board/core/init.o
 .debug_abbrev  0x00000000000006b0      0x144 /home/luis/Github/utango-bw_two_worlds/build/test_board/core/utango.o
 .debug_abbrev  0x00000000000007f4      0x193 /home/luis/Github/utango-bw_two_worlds/build/test_board/core/worlds.o
 .debug_abbrev  0x0000000000000987       0x73 /home/luis/Github/utango-bw_two_worlds/build/test_board/core/sys_timer.o
 .debug_abbrev  0x00000000000009fa      0x1c5 /home/luis/Github/utango-bw_two_worlds/build/test_board/core/mem.o
 .debug_abbrev  0x0000000000000bbf       0x26 /home/luis/Github/utango-bw_two_worlds/build/test_board/core/dev.o
 .debug_abbrev  0x0000000000000be5       0x26 /home/luis/Github/utango-bw_two_worlds/build/test_board/lib/utils_io.o
 .debug_abbrev  0x0000000000000c0b       0xd0 /home/luis/Github/utango-bw_two_worlds/build/test_board/platform/test_board/platform_config.o
 .debug_abbrev  0x0000000000000cdb       0xd2 /home/luis/Github/utango-bw_two_worlds/build/test_board/config/config.o

.debug_aranges  0x0000000000000000      0x1c0
 .debug_aranges
                0x0000000000000000       0x20 /home/luis/Github/utango-bw_two_worlds/build/test_board/arch/rv32imc/boot.o
 .debug_aranges
                0x0000000000000020       0x20 /home/luis/Github/utango-bw_two_worlds/build/test_board/arch/rv32imc/exception_handlers.o
 .debug_aranges
                0x0000000000000040       0x20 /home/luis/Github/utango-bw_two_worlds/build/test_board/arch/rv32imc/plic.o
 .debug_aranges
                0x0000000000000060       0x20 /home/luis/Github/utango-bw_two_worlds/build/test_board/arch/rv32imc/cpu_init.o
 .debug_aranges
                0x0000000000000080       0x20 /home/luis/Github/utango-bw_two_worlds/build/test_board/arch/rv32imc/systick.o
 .debug_aranges
                0x00000000000000a0       0x20 /home/luis/Github/utango-bw_two_worlds/build/test_board/arch/rv32imc/pmp.o
 .debug_aranges
                0x00000000000000c0       0x20 /home/luis/Github/utango-bw_two_worlds/build/test_board/core/init.o
 .debug_aranges
                0x00000000000000e0       0x20 /home/luis/Github/utango-bw_two_worlds/build/test_board/core/utango.o
 .debug_aranges
                0x0000000000000100       0x20 /home/luis/Github/utango-bw_two_worlds/build/test_board/core/worlds.o
 .debug_aranges
                0x0000000000000120       0x20 /home/luis/Github/utango-bw_two_worlds/build/test_board/core/sys_timer.o
 .debug_aranges
                0x0000000000000140       0x20 /home/luis/Github/utango-bw_two_worlds/build/test_board/core/mem.o
 .debug_aranges
                0x0000000000000160       0x18 /home/luis/Github/utango-bw_two_worlds/build/test_board/core/dev.o
 .debug_aranges
                0x0000000000000178       0x18 /home/luis/Github/utango-bw_two_worlds/build/test_board/lib/utils_io.o
 .debug_aranges
                0x0000000000000190       0x18 /home/luis/Github/utango-bw_two_worlds/build/test_board/platform/test_board/platform_config.o
 .debug_aranges
                0x00000000000001a8       0x18 /home/luis/Github/utango-bw_two_worlds/build/test_board/config/config.o

.debug_str      0x0000000000000000      0x741
 .debug_str     0x0000000000000000       0x72 /home/luis/Github/utango-bw_two_worlds/build/test_board/arch/rv32imc/boot.o
 .debug_str     0x0000000000000072       0x87 /home/luis/Github/utango-bw_two_worlds/build/test_board/arch/rv32imc/exception_handlers.o
                                         0xba (size before relaxing)
 .debug_str     0x00000000000000f9      0x3d8 /home/luis/Github/utango-bw_two_worlds/build/test_board/arch/rv32imc/plic.o
                                        0x489 (size before relaxing)
 .debug_str     0x00000000000004d1       0x69 /home/luis/Github/utango-bw_two_worlds/build/test_board/arch/rv32imc/cpu_init.o
                                        0x4cd (size before relaxing)
 .debug_str     0x000000000000053a       0xba /home/luis/Github/utango-bw_two_worlds/build/test_board/arch/rv32imc/systick.o
                                        0x1c9 (size before relaxing)
 .debug_str     0x00000000000005f4       0x4e /home/luis/Github/utango-bw_two_worlds/build/test_board/arch/rv32imc/pmp.o
                                        0x4c3 (size before relaxing)
 .debug_str     0x0000000000000642       0x58 /home/luis/Github/utango-bw_two_worlds/build/test_board/core/init.o
                                        0x3c9 (size before relaxing)
 .debug_str     0x000000000000069a      0x482 /home/luis/Github/utango-bw_two_worlds/build/test_board/core/utango.o
 .debug_str     0x000000000000069a       0x22 /home/luis/Github/utango-bw_two_worlds/build/test_board/core/worlds.o
                                        0x4ce (size before relaxing)
 .debug_str     0x00000000000006bc       0x3b /home/luis/Github/utango-bw_two_worlds/build/test_board/core/sys_timer.o
                                        0x13e (size before relaxing)
 .debug_str     0x00000000000006f7       0x4a /home/luis/Github/utango-bw_two_worlds/build/test_board/core/mem.o
                                        0x509 (size before relaxing)
 .debug_str     0x0000000000000741       0xe7 /home/luis/Github/utango-bw_two_worlds/build/test_board/core/dev.o
 .debug_str     0x0000000000000741       0xe7 /home/luis/Github/utango-bw_two_worlds/build/test_board/lib/utils_io.o
 .debug_str     0x0000000000000741      0x354 /home/luis/Github/utango-bw_two_worlds/build/test_board/platform/test_board/platform_config.o
 .debug_str     0x0000000000000741      0x238 /home/luis/Github/utango-bw_two_worlds/build/test_board/config/config.o

.debug_frame    0x0000000000000000      0x36c
 .debug_frame   0x0000000000000000       0x34 /home/luis/Github/utango-bw_two_worlds/build/test_board/arch/rv32imc/plic.o
 .debug_frame   0x0000000000000034       0x7c /home/luis/Github/utango-bw_two_worlds/build/test_board/arch/rv32imc/cpu_init.o
 .debug_frame   0x00000000000000b0       0x58 /home/luis/Github/utango-bw_two_worlds/build/test_board/arch/rv32imc/systick.o
 .debug_frame   0x0000000000000108       0x80 /home/luis/Github/utango-bw_two_worlds/build/test_board/arch/rv32imc/pmp.o
 .debug_frame   0x0000000000000188       0x2c /home/luis/Github/utango-bw_two_worlds/build/test_board/core/init.o
 .debug_frame   0x00000000000001b4       0x2c /home/luis/Github/utango-bw_two_worlds/build/test_board/core/utango.o
 .debug_frame   0x00000000000001e0       0x84 /home/luis/Github/utango-bw_two_worlds/build/test_board/core/worlds.o
 .debug_frame   0x0000000000000264       0x84 /home/luis/Github/utango-bw_two_worlds/build/test_board/core/sys_timer.o
 .debug_frame   0x00000000000002e8       0x84 /home/luis/Github/utango-bw_two_worlds/build/test_board/core/mem.o

.debug_rnglists
                0x0000000000000000       0x28
 .debug_rnglists
                0x0000000000000000       0x28 /home/luis/Github/utango-bw_two_worlds/build/test_board/core/mem.o
